Component: ARM Compiler 5.05 update 1 (build 106) Tool: armlink [4d0efa]

==============================================================================

Section Cross References

    system_stm32f10x.o(i.SetSysClock) refers to system_stm32f10x.o(i.SetSysClockTo72) for SetSysClockTo72
    system_stm32f10x.o(i.SystemCoreClockUpdate) refers to system_stm32f10x.o(.data) for .data
    system_stm32f10x.o(i.SystemInit) refers to system_stm32f10x.o(i.SetSysClock) for SetSysClock
    startup_stm32f10x_md.o(STACK) refers (Special) to heapauxi.o(.text) for __use_two_region_memory
    startup_stm32f10x_md.o(HEAP) refers (Special) to heapauxi.o(.text) for __use_two_region_memory
    startup_stm32f10x_md.o(RESET) refers (Special) to heapauxi.o(.text) for __use_two_region_memory
    startup_stm32f10x_md.o(RESET) refers to startup_stm32f10x_md.o(STACK) for __initial_sp
    startup_stm32f10x_md.o(RESET) refers to startup_stm32f10x_md.o(.text) for Reset_Handler
    startup_stm32f10x_md.o(RESET) refers to stm32f10x_it.o(i.NMI_Handler) for NMI_Handler
    startup_stm32f10x_md.o(RESET) refers to stm32f10x_it.o(i.HardFault_Handler) for HardFault_Handler
    startup_stm32f10x_md.o(RESET) refers to stm32f10x_it.o(i.MemManage_Handler) for MemManage_Handler
    startup_stm32f10x_md.o(RESET) refers to stm32f10x_it.o(i.BusFault_Handler) for BusFault_Handler
    startup_stm32f10x_md.o(RESET) refers to stm32f10x_it.o(i.UsageFault_Handler) for UsageFault_Handler
    startup_stm32f10x_md.o(RESET) refers to stm32f10x_it.o(i.SVC_Handler) for SVC_Handler
    startup_stm32f10x_md.o(RESET) refers to stm32f10x_it.o(i.DebugMon_Handler) for DebugMon_Handler
    startup_stm32f10x_md.o(RESET) refers to stm32f10x_it.o(i.PendSV_Handler) for PendSV_Handler
    startup_stm32f10x_md.o(RESET) refers to stm32f10x_it.o(i.SysTick_Handler) for SysTick_Handler
    startup_stm32f10x_md.o(RESET) refers to main.o(i.EXTI9_5_IRQHandler) for EXTI9_5_IRQHandler
    startup_stm32f10x_md.o(.text) refers (Special) to heapauxi.o(.text) for __use_two_region_memory
    startup_stm32f10x_md.o(.text) refers to system_stm32f10x.o(i.SystemInit) for SystemInit
    startup_stm32f10x_md.o(.text) refers to __main.o(!!!main) for __main
    startup_stm32f10x_md.o(.text) refers to startup_stm32f10x_md.o(HEAP) for Heap_Mem
    startup_stm32f10x_md.o(.text) refers to startup_stm32f10x_md.o(STACK) for Stack_Mem
    stm32f10x_adc.o(i.ADC_DeInit) refers to stm32f10x_rcc.o(i.RCC_APB2PeriphResetCmd) for RCC_APB2PeriphResetCmd
    stm32f10x_bkp.o(i.BKP_DeInit) refers to stm32f10x_rcc.o(i.RCC_BackupResetCmd) for RCC_BackupResetCmd
    stm32f10x_can.o(i.CAN_DeInit) refers to stm32f10x_rcc.o(i.RCC_APB1PeriphResetCmd) for RCC_APB1PeriphResetCmd
    stm32f10x_can.o(i.CAN_GetITStatus) refers to stm32f10x_can.o(i.CheckITStatus) for CheckITStatus
    stm32f10x_cec.o(i.CEC_DeInit) refers to stm32f10x_rcc.o(i.RCC_APB1PeriphResetCmd) for RCC_APB1PeriphResetCmd
    stm32f10x_dac.o(i.DAC_DeInit) refers to stm32f10x_rcc.o(i.RCC_APB1PeriphResetCmd) for RCC_APB1PeriphResetCmd
    stm32f10x_flash.o(i.FLASH_EnableWriteProtection) refers to stm32f10x_flash.o(i.FLASH_WaitForLastOperation) for FLASH_WaitForLastOperation
    stm32f10x_flash.o(i.FLASH_EraseAllBank1Pages) refers to stm32f10x_flash.o(i.FLASH_WaitForLastBank1Operation) for FLASH_WaitForLastBank1Operation
    stm32f10x_flash.o(i.FLASH_EraseAllPages) refers to stm32f10x_flash.o(i.FLASH_WaitForLastOperation) for FLASH_WaitForLastOperation
    stm32f10x_flash.o(i.FLASH_EraseOptionBytes) refers to stm32f10x_flash.o(i.FLASH_GetReadOutProtectionStatus) for FLASH_GetReadOutProtectionStatus
    stm32f10x_flash.o(i.FLASH_EraseOptionBytes) refers to stm32f10x_flash.o(i.FLASH_WaitForLastOperation) for FLASH_WaitForLastOperation
    stm32f10x_flash.o(i.FLASH_ErasePage) refers to stm32f10x_flash.o(i.FLASH_WaitForLastOperation) for FLASH_WaitForLastOperation
    stm32f10x_flash.o(i.FLASH_ProgramHalfWord) refers to stm32f10x_flash.o(i.FLASH_WaitForLastOperation) for FLASH_WaitForLastOperation
    stm32f10x_flash.o(i.FLASH_ProgramOptionByteData) refers to stm32f10x_flash.o(i.FLASH_WaitForLastOperation) for FLASH_WaitForLastOperation
    stm32f10x_flash.o(i.FLASH_ProgramWord) refers to stm32f10x_flash.o(i.FLASH_WaitForLastOperation) for FLASH_WaitForLastOperation
    stm32f10x_flash.o(i.FLASH_ReadOutProtection) refers to stm32f10x_flash.o(i.FLASH_WaitForLastOperation) for FLASH_WaitForLastOperation
    stm32f10x_flash.o(i.FLASH_UserOptionByteConfig) refers to stm32f10x_flash.o(i.FLASH_WaitForLastOperation) for FLASH_WaitForLastOperation
    stm32f10x_flash.o(i.FLASH_WaitForLastBank1Operation) refers to stm32f10x_flash.o(i.FLASH_GetBank1Status) for FLASH_GetBank1Status
    stm32f10x_flash.o(i.FLASH_WaitForLastOperation) refers to stm32f10x_flash.o(i.FLASH_GetBank1Status) for FLASH_GetBank1Status
    stm32f10x_gpio.o(i.GPIO_AFIODeInit) refers to stm32f10x_rcc.o(i.RCC_APB2PeriphResetCmd) for RCC_APB2PeriphResetCmd
[...]
    i.SET_PWMB                               0x0800288a   Section        0  pwm.o(i.SET_PWMB)
    i.SI2C_ACK_Test                          0x08002894   Section        0  _i2c_.o(i.SI2C_ACK_Test)
    i.SI2C_ReceiveAck                        0x080028b8   Section        0  _i2c_.o(i.SI2C_ReceiveAck)
    i.SI2C_ReceiveByte                       0x080028d6   Section        0  _i2c_.o(i.SI2C_ReceiveByte)
    i.SI2C_Start                             0x0800290a   Section        0  _i2c_.o(i.SI2C_Start)
    i.SI2C_Stop                              0x08002928   Section        0  _i2c_.o(i.SI2C_Stop)
    i.SI2C_WriteAck                          0x08002940   Section        0  _i2c_.o(i.SI2C_WriteAck)
    i.SI2C_WriteByte                         0x08002956   Section        0  _i2c_.o(i.SI2C_WriteByte)
    i.SVC_Handler                            0x08002990   Section        0  stm32f10x_it.o(i.SVC_Handler)
    i.Serial_Init                            0x08002994   Section        0  serial.o(i.Serial_Init)
    i.SetSysClock                            0x08002adc   Section        0  system_stm32f10x.o(i.SetSysClock)
    SetSysClock                              0x08002add   Thumb Code     4  system_stm32f10x.o(i.SetSysClock)
    i.SetSysClockTo72                        0x08002ae0   Section        0  system_stm32f10x.o(i.SetSysClockTo72)
    SetSysClockTo72                          0x08002ae1   Thumb Code   166  system_stm32f10x.o(i.SetSysClockTo72)
    i.SysTick_Handler                        0x08002b90   Section        0  stm32f10x_it.o(i.SysTick_Handler)
    i.SystemInit                             0x08002b94   Section        0  system_stm32f10x.o(i.SystemInit)
    i.TI1_Config                             0x08002be4   Section        0  stm32f10x_tim.o(i.TI1_Config)
    TI1_Config                               0x08002be5   Thumb Code    94  stm32f10x_tim.o(i.TI1_Config)
    i.TI2_Config                             0x08002c58   Section        0  stm32f10x_tim.o(i.TI2_Config)
    TI2_Config                               0x08002c59   Thumb Code   102  stm32f10x_tim.o(i.TI2_Config)
    i.TI3_Config                             0x08002cd4   Section        0  stm32f10x_tim.o(i.TI3_Config)
    TI3_Config                               0x08002cd5   Thumb Code    98  stm32f10x_tim.o(i.TI3_Config)
    i.TI4_Config                             0x08002d4c   Section        0  stm32f10x_tim.o(i.TI4_Config)
    TI4_Config                               0x08002d4d   Thumb Code   102  stm32f10x_tim.o(i.TI4_Config)
    i.TIM_Cmd                                0x08002dc8   Section        0  stm32f10x_tim.o(i.TIM_Cmd)
    i.TIM_EncoderInterfaceConfig             0x08002de0   Section        0  stm32f10x_tim.o(i.TIM_EncoderInterfaceConfig)
    i.TIM_GetCounter                         0x08002e12   Section        0  stm32f10x_tim.o(i.TIM_GetCounter)
    i.TIM_ICInit                             0x08002e18   Section        0  stm32f10x_tim.o(i.TIM_ICInit)
    i.TIM_ICStructInit                       0x08002ea4   Section        0  stm32f10x_tim.o(i.TIM_ICStructInit)
    i.TIM_InternalClockConfig                0x08002eb4   Section        0  stm32f10x_tim.o(i.TIM_InternalClockConfig)
    i.TIM_OC3Init                            0x08002ec0   Section        0  stm32f10x_tim.o(i.TIM_OC3Init)
    i.TIM_OC4Init                            0x08002f44   Section        0  stm32f10x_tim.o(i.TIM_OC4Init)
    i.TIM_OCStructInit                       0x08002fac   Section        0  stm32f10x_tim.o(i.TIM_OCStructInit)
    i.TIM_SetCompare3                        0x08002fc0   Section        0  stm32f10x_tim.o(i.TIM_SetCompare3)
    i.TIM_SetCompare4                        0x08002fc4   Section        0  stm32f10x_tim.o(i.TIM_SetCompare4)
    i.TIM_SetCounter                         0x08002fca   Section        0  stm32f10x_tim.o(i.TIM_SetCounter)
    i.TIM_SetIC1Prescaler                    0x08002fce   Section        0  stm32f10x_tim.o(i.TIM_SetIC1Prescaler)
    i.TIM_SetIC2Prescaler                    0x08002fde   Section        0  stm32f10x_tim.o(i.TIM_SetIC2Prescaler)
    i.TIM_SetIC3Prescaler                    0x08002ff6   Section        0  stm32f10x_tim.o(i.TIM_SetIC3Prescaler)
    i.TIM_SetIC4Prescaler                    0x08003006   Section        0  stm32f10x_tim.o(i.TIM_SetIC4Prescaler)
    i.TIM_TimeBaseInit                       0x08003020   Section        0  stm32f10x_tim.o(i.TIM_TimeBaseInit)
    i.Turn_PD                                0x080030bc   Section        0  main.o(i.Turn_PD)
    i.USART_Cmd                              0x08003110   Section        0  stm32f10x_usart.o(i.USART_Cmd)
    i.USART_GetFlagStatus                    0x08003128   Section        0  stm32f10x_usart.o(i.USART_GetFlagStatus)
    i.USART_ITConfig                         0x08003136   Section        0  stm32f10x_usart.o(i.USART_ITConfig)
    i.USART_Init                             0x0800316c   Section        0  stm32f10x_usart.o(i.USART_Init)
    i.USART_SendData                         0x08003228   Section        0  stm32f10x_usart.o(i.USART_SendData)
    i.UsageFault_Handler                     0x08003230   Section        0  stm32f10x_it.o(i.UsageFault_Handler)
    i.Velocity_PI                            0x08003234   Section        0  main.o(i.Velocity_PI)
    i.Write_IIC_Byte                         0x08003284   Section        0  oled.o(i.Write_IIC_Byte)
    i.Write_IIC_Command                      0x080032dc   Section        0  oled.o(i.Write_IIC_Command)
    i.Write_IIC_Data                         0x0800330a   Section        0  oled.o(i.Write_IIC_Data)
    i.__ARM_fpclassify                       0x08003338   Section        0  fpclassify.o(i.__ARM_fpclassify)
    i.__kernel_poly                          0x08003360   Section        0  poly.o(i.__kernel_poly)
    i.__mathlib_dbl_infnan                   0x0800340a   Section        0  dunder.o(i.__mathlib_dbl_infnan)
    i.__mathlib_dbl_infnan2                  0x08003410   Section        0  dunder.o(i.__mathlib_dbl_infnan2)
    i.__mathlib_dbl_underflow                0x08003414   Section        0  dunder.o(i.__mathlib_dbl_underflow)
    i._is_digit                              0x08003424   Section        0  __printf_wp.o(i._is_digit)
    i._sys_exit                              0x08003432   Section        0  serial.o(i._sys_exit)
    i._ttywrch                               0x08003434   Section        0  serial.o(i._ttywrch)
    i.atan                                   0x08003438   Section        0  atan.o(i.atan)
    i.atan2                                  0x08003658   Section        0  atan2.o(i.atan2)
    i.fputc                                  0x080037d8   Section        0  serial.o(i.fputc)
    i.key_Init                               0x080037fc   Section        0  key.o(i.key_Init)
    i.key_proc                               0x08003844   Section        0  main.o(i.key_proc)
    i.key_read                               0x080038dc   Section        0  key.o(i.key_read)
    i.main                                   0x08003970   Section        0  main.o(i.main)
    i.motorASetSpeed                         0x08003b84   Section        0  motor.o(i.motorASetSpeed)
    i.motorA_Backward                        0x08003bb0   Section        0  motor.o(i.motorA_Backward)
    i.motorA_Forward                         0x08003bd0   Section        0  motor.o(i.motorA_Forward)
    i.motorBSetSpeed                         0x08003bf0   Section        0  motor.o(i.motorBSetSpeed)
    i.motorB_Backward                        0x08003c1c   Section        0  motor.o(i.motorB_Backward)
    i.motorB_Forward                         0x08003c3c   Section        0  motor.o(i.motorB_Forward)
    i.motor_init                             0x08003c5c   Section        0  motor.o(i.motor_init)
    i.motor_pwm_max_min                      0x08003cbc   Section        0  motor.o(i.motor_pwm_max_min)
    i.oled_pow                               0x08003cdc   Section        0  oled.o(i.oled_pow)
    locale$$code                             0x08003cec   Section       44  lc_numeric_c.o(locale$$code)
    x$fpl$d2f                                0x08003d18   Section       98  d2f.o(x$fpl$d2f)
    x$fpl$dadd                               0x08003d7c   Section      336  daddsub_clz.o(x$fpl$dadd)
    _dadd1                                   0x08003d8d   Thumb Code     0  daddsub_clz.o(x$fpl$dadd)
    x$fpl$dcheck1                            0x08003ecc   Section       16  dcheck1.o(x$fpl$dcheck1)
    x$fpl$ddiv                               0x08003edc   Section      688  ddiv.o(x$fpl$ddiv)
    ddiv_entry                               0x08003ee3   Thumb Code     0  ddiv.o(x$fpl$ddiv)
    x$fpl$dfix                               0x0800418c   Section       94  dfix.o(x$fpl$dfix)
    x$fpl$dflt                               0x080041ea   Section       46  dflt_clz.o(x$fpl$dflt)
    x$fpl$dmul                               0x08004218   Section      340  dmul.o(x$fpl$dmul)
    x$fpl$dnaninf                            0x0800436c   Section      156  dnaninf.o(x$fpl$dnaninf)
    x$fpl$dretinf                            0x08004408   Section       12  dretinf.o(x$fpl$dretinf)
    x$fpl$drsb                               0x08004414   Section       22  daddsub_clz.o(x$fpl$drsb)
    x$fpl$dsub                               0x0800442c   Section      468  daddsub_clz.o(x$fpl$dsub)
    _dsub1                                   0x0800443d   Thumb Code     0  daddsub_clz.o(x$fpl$dsub)
    x$fpl$f2d                                0x08004600   Section       86  f2d.o(x$fpl$f2d)
    x$fpl$fadd                               0x08004658   Section      196  faddsub_clz.o(x$fpl$fadd)
    _fadd1                                   0x08004667   Thumb Code     0  faddsub_clz.o(x$fpl$fadd)
    x$fpl$ffix                               0x0800471c   Section       54  ffix.o(x$fpl$ffix)
    x$fpl$fflt                               0x08004754   Section       48  fflt_clz.o(x$fpl$fflt)
    x$fpl$fmul                               0x08004784   Section      258  fmul.o(x$fpl$fmul)
    x$fpl$fnaninf                            0x08004886   Section      140  fnaninf.o(x$fpl$fnaninf)
    x$fpl$fretinf                            0x08004912   Section       10  fretinf.o(x$fpl$fretinf)
    x$fpl$fsub                               0x0800491c   Section      234  faddsub_clz.o(x$fpl$fsub)
    _fsub1                                   0x0800492b   Thumb Code     0  faddsub_clz.o(x$fpl$fsub)
    x$fpl$printf1                            0x08004a06   Section        4  printf1.o(x$fpl$printf1)
    x$fpl$retnan                             0x08004a0a   Section      100  retnan.o(x$fpl$retnan)
    x$fpl$scalbn                             0x08004a6e   Section       92  scalbn.o(x$fpl$scalbn)
    x$fpl$trapveneer                         0x08004aca   Section       48  trapv.o(x$fpl$trapveneer)
    .constdata                               0x08004afa   Section     2072  oled.o(.constdata)
    x$fpl$usenofp                            0x08004afa   Section        0  usenofp.o(x$fpl$usenofp)
    .constdata                               0x08005312   Section       17  __printf_flags_wp.o(.constdata)
    maptable                                 0x08005312   Data          17  __printf_flags_wp.o(.constdata)
    .constdata                               0x08005328   Section      152  atan.o(.constdata)
    atanhi                                   0x08005328   Data          32  atan.o(.constdata)
    atanlo                                   0x08005348   Data          32  atan.o(.constdata)
    aTodd                                    0x08005368   Data          40  atan.o(.constdata)
    aTeven                                   0x08005390   Data          48  atan.o(.constdata)
    .constdata                               0x080053c0   Section        8  qnan.o(.constdata)
    .constdata                               0x080053c8   Section      148  bigflt0.o(.constdata)
    tenpwrs_x                                0x080053c8   Data          60  bigflt0.o(.constdata)
    tenpwrs_i                                0x08005404   Data          64  bigflt0.o(.constdata)
    locale$$data                             0x0800547c   Section       28  lc_numeric_c.o(locale$$data)
    __lcnum_c_name                           0x08005480   Data           2  lc_numeric_c.o(locale$$data)
    __lcnum_c_start                          0x08005488   Data           0  lc_numeric_c.o(locale$$data)
    __lcnum_c_point                          0x08005494   Data           0  lc_numeric_c.o(locale$$data)
    __lcnum_c_thousands                      0x08005496   Data           0  lc_numeric_c.o(locale$$data)
    __lcnum_c_grouping                       0x08005497   Data           0  lc_numeric_c.o(locale$$data)
    __lcnum_c_end                            0x08005498   Data           0  lc_numeric_c.o(locale$$data)
    .data                                    0x20000000   Section       20  stm32f10x_rcc.o(.data)
    ADCPrescTable                            0x20000000   Data           4  stm32f10x_rcc.o(.data)
    APBAHBPrescTable                         0x20000004   Data          16  stm32f10x_rcc.o(.data)
    .data                                    0x20000014   Section       64  main.o(.data)
    Kp                                       0x2000002c   Data           4  main.o(.data)
    Ki                                       0x20000030   Data           4  main.o(.data)
    I                                        0x20000034   Data           4  main.o(.data)
    error                                    0x20000038   Data           4  main.o(.data)
    Kp                                       0x2000003c   Data           4  main.o(.data)
    Ki                                       0x20000040   Data           4  main.o(.data)
    I                                        0x20000044   Data           4  main.o(.data)
    error                                    0x20000048   Data           4  main.o(.data)
    .data                                    0x20000054   Section        4  _i2c_.o(.data)
    .data                                    0x20000058   Section        8  mpu6050.o(.data)
    Gyroscope_roll                           0x20000058   Data           4  mpu6050.o(.data)
    Gyroscope_pitch                          0x2000005c   Data           4  mpu6050.o(.data)
    .data                                    0x20000060   Section        4  serial.o(.data)
    .bss                                     0x20000068   Section       96  main.o(.bss)
    .bss                                     0x200000c8   Section       28  mpu6050.o(.bss)
    .bss                                     0x200000e4   Section       96  libspace.o(.bss)
    HEAP                                     0x20000148   Section      512  startup_stm32f10x_md.o(HEAP)
    Heap_Mem                                 0x20000148   Data         512  startup_stm32f10x_md.o(HEAP)
    STACK                                    0x20000348   Section     1024  startup_stm32f10x_md.o(STACK)
    Stack_Mem                                0x20000348   Data        1024  startup_stm32f10x_md.o(STACK)
    __initial_sp                             0x20000748   Data           0  startup_stm32f10x_md.o(STACK)

    Global Symbols

    Symbol Name                              Value     Ov Type        Size  Object(Section)

    BuildAttributes$$THM_ISAv4$P$D$K$B$S$PE$A:L22UL41UL21$X:L11$S22US41US21$IEEE1$IW$USESV6$~STKCKD$USESV7$~SHL$OTIME$ROPI$IEEEX$EBA8$UX$STANDARDLIB$REQ8$PRES8$EABIv2 0x00000000   Number         0  anon$$obj.o ABSOLUTE
    __ARM_use_no_argv                        0x00000000   Number         0  main.o ABSOLUTE
    _printf_flags                            0x00000000   Number         0  printf_stubs.o ABSOLUTE
    _printf_return_value                     0x00000000   Number         0  printf_stubs.o ABSOLUTE
    _printf_sizespec                         0x00000000   Number         0  printf_stubs.o ABSOLUTE
    _printf_widthprec                        0x00000000   Number         0  printf_stubs.o ABSOLUTE
    __ARM_exceptions_init                     - Undefined Weak Reference
    __alloca_initialize                       - Undefined Weak Reference
    __arm_preinit_                            - Undefined Weak Reference
    __cpp_initialize__aeabi_                  - Undefined Weak Reference
    __cxa_finalize                            - Undefined Weak Reference
    __sigvec_lookup                           - Undefined Weak Reference
    __user_heap_extent                        - Undefined Weak Reference
    _atexit_init                              - Undefined Weak Reference
    _call_atexit_fns                          - Undefined Weak Reference
    _clock_init                               - Undefined Weak Reference
    _fp_trap_init                             - Undefined Weak Reference
    _fp_trap_shutdown                         - Undefined Weak Reference
    _get_lc_collate                           - Undefined Weak Reference
    _get_lc_ctype                             - Undefined Weak Reference
    _get_lc_monetary                          - Undefined Weak Reference
    _get_lc_time                              - Undefined Weak Reference
    _getenv_init                              - Undefined Weak Reference
    _handle_redirection                       - Undefined Weak Reference
    _initio                                   - Undefined Weak Reference
    _mutex_acquire                            - Undefined Weak Reference
    _mutex_free                               - Undefined Weak Reference
    _mutex_release                            - Undefined Weak Reference
    _printf_truncate_signed                   - Undefined Weak Reference
    _printf_truncate_unsigned                 - Undefined Weak Reference
    _rand_init                                - Undefined Weak Reference
    _signal_finish                            - Undefined Weak Reference
    _signal_init                              - Undefined Weak Reference
    _terminateio                              - Undefined Weak Reference
    __Vectors_Size                           0x000000ec   Number         0  startup_stm32f10x_md.o ABSOLUTE
    __Vectors                                0x08000000   Data           4  startup_stm32f10x_md.o(RESET)
    __Vectors_End                            0x080000ec   Data           0  startup_stm32f10x_md.o(RESET)
    __main                                   0x080000ed   Thumb Code     8  __main.o(!!!main)
    __scatterload                            0x080000f5   Thumb Code     0  __scatter.o(!!!scatter)
    __scatterload_rt2                        0x080000f5   Thumb Code    44  __scatter.o(!!!scatter)
    __scatterload_rt2_thumb_only             0x080000f5   Thumb Code     0  __scatter.o(!!!scatter)
    __scatterload_null                       0x08000103   Thumb Code     0  __scatter.o(!!!scatter)
    __scatterload_copy                       0x08000129   Thumb Code    26  __scatter_copy.o(!!handler_copy)
    __scatterload_zeroinit                   0x08000145   Thumb Code    28  __scatter_zi.o(!!handler_zi)
    _printf_f                                0x08000161   Thumb Code     0  _printf_f.o(.ARM.Collect$$_printf_percent$$00000003)
    _printf_percent                          0x08000161   Thumb Code     0  _printf_percent.o(.ARM.Collect$$_printf_percent$$00000000)
    _printf_percent_end                      0x08000167   Thumb Code     0  _printf_percent_end.o(.ARM.Collect$$_printf_percent$$00000017)
    __rt_lib_init                            0x0800016b   Thumb Code     0  libinit.o(.ARM.Collect$$libinit$$00000000)
    __rt_lib_init_fp_1                       0x0800016d   Thumb Code     0  libinit2.o(.ARM.Collect$$libinit$$00000002)
    __rt_lib_init_heap_2                     0x0800016d   Thumb Code     0  libinit2.o(.ARM.Collect$$libinit$$00000005)
    __rt_lib_init_preinit_1                  0x0800016d   Thumb Code     0  libinit2.o(.ARM.Collect$$libinit$$00000004)
    __rt_lib_init_heap_1                     0x08000175   Thumb Code     0  libinit2.o(.ARM.Collect$$libinit$$0000000A)
    __rt_lib_init_lc_common                  0x08000175   Thumb Code     0  libinit2.o(.ARM.Collect$$libinit$$0000000F)
    __rt_lib_init_rand_1                     0x08000175   Thumb Code     0  libinit2.o(.ARM.Collect$$libinit$$0000000E)
    __rt_lib_init_user_alloc_1               0x08000175   Thumb Code     0  libinit2.o(.ARM.Collect$$libinit$$0000000C)
    __rt_lib_init_lc_collate_1               0x0800017b   Thumb Code     0  libinit2.o(.ARM.Collect$$libinit$$00000011)
    __rt_lib_init_lc_ctype_1                 0x0800017b   Thumb Code     0  libinit2.o(.ARM.Collect$$libinit$$00000013)
    __rt_lib_init_lc_monetary_1              0x0800017b   Thumb Code     0  libinit2.o(.ARM.Collect$$libinit$$00000015)
    __rt_lib_init_lc_numeric_2               0x0800017b   Thumb Code     0  libinit2.o(.ARM.Collect$$libinit$$00000016)
    __rt_lib_init_alloca_1                   0x08000185   Thumb Code     0  libinit2.o(.ARM.Collect$$libinit$$0000002E)
    __rt_lib_init_argv_1                     0x08000185   Thumb Code     0  libinit2.o(.ARM.Collect$$libinit$$0000002C)
    __rt_lib_init_atexit_1                   0x08000185   Thumb Code     0  libinit2.o(.ARM.Collect$$libinit$$0000001B)
    __rt_lib_init_clock_1                    0x08000185   Thumb Code     0  libinit2.o(.ARM.Collect$$libinit$$00000021)
    __rt_lib_init_cpp_1                      0x08000185   Thumb Code     0  libinit2.o(.ARM.Collect$$libinit$$00000032)
    __rt_lib_init_exceptions_1               0x08000185   Thumb Code     0  libinit2.o(.ARM.Collect$$libinit$$00000030)
    __rt_lib_init_fp_trap_1                  0x08000185   Thumb Code     0  libinit2.o(.ARM.Collect$$libinit$$0000001F)
    __rt_lib_init_getenv_1                   0x08000185   Thumb Code     0  libinit2.o(.ARM.Collect$$libinit$$00000023)
    __rt_lib_init_lc_numeric_1               0x08000185   Thumb Code     0  libinit2.o(.ARM.Collect$$libinit$$00000017)
    __rt_lib_init_lc_time_1                  0x08000185   Thumb Code     0  libinit2.o(.ARM.Collect$$libinit$$00000019)
    __rt_lib_init_return                     0x08000185   Thumb Code     0  libinit2.o(.ARM.Collect$$libinit$$00000033)
    __rt_lib_init_signal_1                   0x08000185   Thumb Code     0  libinit2.o(.ARM.Collect$$libinit$$0000001D)
    __rt_lib_init_stdio_1                    0x08000185   Thumb Code     0  libinit2.o(.ARM.Collect$$libinit$$00000025)
    __rt_lib_shutdown                        0x08000187   Thumb Code     0  libshutdown.o(.ARM.Collect$$libshutdown$$00000000)
    __rt_lib_shutdown_fp_trap_1              0x08000189   Thumb Code     0  libshutdown2.o(.ARM.Collect$$libshutdown$$00000006)
    __rt_lib_shutdown_heap_1                 0x08000189   Thumb Code     0  libshutdown2.o(.ARM.Collect$$libshutdown$$0000000E)
    __rt_lib_shutdown_return                 0x08000189   Thumb Code     0  libshutdown2.o(.ARM.Collect$$libshutdown$$0000000F)
    __rt_lib_shutdown_signal_1               0x08000189   Thumb Code     0  libshutdown2.o(.ARM.Collect$$libshutdown$$00000009)
    __rt_lib_shutdown_stdio_1                0x08000189   Thumb Code     0  libshutdown2.o(.ARM.Collect$$libshutdown$$00000003)
    __rt_lib_shutdown_user_alloc_1           0x08000189   Thumb Code     0  libshutdown2.o(.ARM.Collect$$libshutdown$$0000000B)
    __rt_entry                               0x0800018b   Thumb Code     0  __rtentry.o(.ARM.Collect$$rtentry$$00000000)
    __rt_entry_presh_1                       0x0800018b   Thumb Code     0  __rtentry2.o(.ARM.Collect$$rtentry$$00000002)
    __rt_entry_sh                            0x0800018b   Thumb Code     0  __rtentry4.o(.ARM.Collect$$rtentry$$00000004)
    __rt_entry_li                            0x08000191   Thumb Code     0  __rtentry2.o(.ARM.Collect$$rtentry$$0000000A)
    __rt_entry_postsh_1                      0x08000191   Thumb Code     0  __rtentry2.o(.ARM.Collect$$rtentry$$00000009)
    __rt_entry_main                          0x08000195   Thumb Code     0  __rtentry2.o(.ARM.Collect$$rtentry$$0000000D)
    __rt_entry_postli_1                      0x08000195   Thumb Code     0  __rtentry2.o(.ARM.Collect$$rtentry$$0000000C)
    __rt_exit                                0x0800019d   Thumb Code     0  rtexit.o(.ARM.Collect$$rtexit$$00000000)
    __rt_exit_ls                             0x0800019f   Thumb Code     0  rtexit2.o(.ARM.Collect$$rtexit$$00000003)
    __rt_exit_prels_1                        0x0800019f   Thumb Code     0  rtexit2.o(.ARM.Collect$$rtexit$$00000002)
    __rt_exit_exit                           0x080001a3   Thumb Code     0  rtexit2.o(.ARM.Collect$$rtexit$$00000004)
    Reset_Handler                            0x080001a9   Thumb Code     8  startup_stm32f10x_md.o(.text)
    _maybe_terminate_alloc                   0x080001a9   Thumb Code     0  maybetermalloc1.o(.emb_text)
    ADC1_2_IRQHandler                        0x080001c3   Thumb Code     0  startup_stm32f10x_md.o(.text)
    CAN1_RX1_IRQHandler                      0x080001c3   Thumb Code     0  startup_stm32f10x_md.o(.text)
    CAN1_SCE_IRQHandler                      0x080001c3   Thumb Code     0  startup_stm32f10x_md.o(.text)
    DMA1_Channel1_IRQHandler                 0x080001c3   Thumb Code     0  startup_stm32f10x_md.o(.text)
    DMA1_Channel2_IRQHandler                 0x080001c3   Thumb Code     0  startup_stm32f10x_md.o(.text)
    DMA1_Channel3_IRQHandler                 0x080001c3   Thumb Code     0  startup_stm32f10x_md.o(.text)
    DMA1_Channel4_IRQHandler                 0x080001c3   Thumb Code     0  startup_stm32f10x_md.o(.text)
    DMA1_Channel5_IRQHandler                 0x080001c3   Thumb Code     0  startup_stm32f10x_md.o(.text)
    DMA1_Channel6_IRQHandler                 0x080001c3   Thumb Code     0  startup_stm32f10x_md.o(.text)
    DMA1_Channel7_IRQHandler                 0x080001c3   Thumb Code     0  startup_stm32f10x_md.o(.text)
    EXTI0_IRQHandler                         0x080001c3   Thumb Code     0  startup_stm32f10x_md.o(.text)
    EXTI15_10_IRQHandler                     0x080001c3   Thumb Code     0  startup_stm32f10x_md.o(.text)
    EXTI1_IRQHandler                         0x080001c3   Thumb Code     0  startup_stm32f10x_md.o(.text)
    EXTI2_IRQHandler                         0x080001c3   Thumb Code     0  startup_stm32f10x_md.o(.text)
    EXTI3_IRQHandler                         0x080001c3   Thumb Code     0  startup_stm32f10x_md.o(.text)
    EXTI4_IRQHandler                         0x080001c3   Thumb Code     0  startup_stm32f10x_md.o(.text)
    FLASH_IRQHandler                         0x080001c3   Thumb Code     0  startup_stm32f10x_md.o(.text)
    I2C1_ER_IRQHandler                       0x080001c3   Thumb Code     0  startup_stm32f10x_md.o(.text)
    I2C1_EV_IRQHandler                       0x080001c3   Thumb Code     0  startup_stm32f10x_md.o(.text)
    I2C2_ER_IRQHandler                       0x080001c3   Thumb Code     0  startup_stm32f10x_md.o(.text)
    I2C2_EV_IRQHandler                       0x080001c3   Thumb Code     0  startup_stm32f10x_md.o(.text)
    PVD_IRQHandler                           0x080001c3   Thumb Code     0  startup_stm32f10x_md.o(.text)
    RCC_IRQHandler                           0x080001c3   Thumb Code     0  startup_stm32f10x_md.o(.text)
    RTCAlarm_IRQHandler                      0x080001c3   Thumb Code     0  startup_stm32f10x_md.o(.text)
    RTC_IRQHandler                           0x080001c3   Thumb Code     0  startup_stm32f10x_md.o(.text)
    SPI1_IRQHandler                          0x080001c3   Thumb Code     0  startup_stm32f10x_md.o(.text)
    SPI2_IRQHandler                          0x080001c3   Thumb Code     0  startup_stm32f10x_md.o(.text)
    TAMPER_IRQHandler                        0x080001c3   Thumb Code     0  startup_stm32f10x_md.o(.text)
    TIM1_BRK_IRQHandler                      0x080001c3   Thumb Code     0  startup_stm32f10x_md.o(.text)
    TIM1_CC_IRQHandler                       0x080001c3   Thumb Code     0  startup_stm32f10x_md.o(.text)
    TIM1_TRG_COM_IRQHandler                  0x080001c3   Thumb Code     0  startup_stm32f10x_md.o(.text)
    TIM1_UP_IRQHandler                       0x080001c3   Thumb Code     0  startup_stm32f10x_md.o(.text)
    TIM2_IRQHandler                          0x080001c3   Thumb Code     0  startup_stm32f10x_md.o(.text)
    TIM3_IRQHandler                          0x080001c3   Thumb Code     0  startup_stm32f10x_md.o(.text)
    TIM4_IRQHandler                          0x080001c3   Thumb Code     0  startup_stm32f10x_md.o(.text)
    USART1_IRQHandler                        0x080001c3   Thumb Code     0  startup_stm32f10x_md.o(.text)
    USART2_IRQHandler                        0x080001c3   Thumb Code     0  startup_stm32f10x_md.o(.text)
    USART3_IRQHandler                        0x080001c3   Thumb Code     0  startup_stm32f10x_md.o(.text)
    USBWakeUp_IRQHandler                     0x080001c3   Thumb Code     0  startup_stm32f10x_md.o(.text)
    USB_HP_CAN1_TX_IRQHandler                0x080001c3   Thumb Code     0  startup_stm32f10x_md.o(.text)
    USB_LP_CAN1_RX0_IRQHandler               0x080001c3   Thumb Code     0  startup_stm32f10x_md.o(.text)
    WWDG_IRQHandler                          0x080001c3   Thumb Code     0  startup_stm32f10x_md.o(.text)
    __user_initial_stackheap                 0x080001c5   Thumb Code     0  startup_stm32f10x_md.o(.text)
    __use_no_semihosting                     0x080001e9   Thumb Code     2  use_no_semi_2.o(.text)
    malloc                                   0x080001eb   Thumb Code    94  h1_alloc.o(.text)
    __2printf                                0x08000249   Thumb Code    20  noretval__2printf.o(.text)
    __printf                                 0x08000261   Thumb Code   308  __printf_flags_wp.o(.text)
    __aeabi_memcpy4                          0x08000399   Thumb Code     0  rt_memcpy_w.o(.text)
    __aeabi_memcpy8                          0x08000399   Thumb Code     0  rt_memcpy_w.o(.text)
    __rt_memcpy_w                            0x08000399   Thumb Code   100  rt_memcpy_w.o(.text)
    _memcpy_lastbytes_aligned                0x080003e1   Thumb Code     0  rt_memcpy_w.o(.text)
    __use_two_region_memory                  0x080003fd   Thumb Code     2  heapauxi.o(.text)
    __rt_heap_escrow                         0x080003ff   Thumb Code     2  heapauxi.o(.text)
    __rt_heap_expand                         0x08000401   Thumb Code     2  heapauxi.o(.text)
    __I$use$semihosting                      0x08000403   Thumb Code     0  use_no_semi.o(.text)
    __use_no_semihosting_swi                 0x08000403   Thumb Code     2  use_no_semi.o(.text)
    __rt_heap_descriptor                     0x08000405   Thumb Code     8  rt_heap_descriptor_intlibspace.o(.text)
    __use_no_heap                            0x0800040d   Thumb Code     2  hguard.o(.text)
    __heap$guard                             0x0800040f   Thumb Code     2  hguard.o(.text)
    _terminate_user_alloc                    0x08000411   Thumb Code     2  init_alloc.o(.text)
    _init_user_alloc                         0x08000413   Thumb Code     2  init_alloc.o(.text)
    __Heap_Full                              0x08000415   Thumb Code    34  init_alloc.o(.text)
    __Heap_Broken                            0x08000437   Thumb Code     6  init_alloc.o(.text)
    _init_alloc                              0x0800043d   Thumb Code    94  init_alloc.o(.text)
    __Heap_Initialize                        0x0800049b   Thumb Code    10  h1_init.o(.text)
    __Heap_DescSize                          0x080004a5   Thumb Code     4  h1_init.o(.text)
    free                                     0x080004a9   Thumb Code    78  h1_free.o(.text)
    __lib_sel_fp_printf                      0x080004f7   Thumb Code     2  _printf_fp_dec.o(.text)
    _printf_fp_dec_real                      0x080006a5   Thumb Code   620  _printf_fp_dec.o(.text)
    _printf_char_file                        0x08000911   Thumb Code    32  _printf_char_file.o(.text)
    __user_libspace                          0x08000935   Thumb Code     8  libspace.o(.text)
    __user_perproc_libspace                  0x08000935   Thumb Code     0  libspace.o(.text)
    __user_perthread_libspace                0x08000935   Thumb Code     0  libspace.o(.text)
    __rt_locale                              0x0800093d   Thumb Code     8  rt_locale_intlibspace.o(.text)
    __Heap_ProvideMemory                     0x08000945   Thumb Code    52  h1_extend.o(.text)
    _ll_udiv10                               0x08000979   Thumb Code   138  lludiv10.o(.text)
    _printf_char_common                      0x08000a0f   Thumb Code    32  _printf_char_common.o(.text)
    _printf_fp_infnan                        0x08000a35   Thumb Code   112  _printf_fp_infnan.o(.text)
    _btod_etento                             0x08000ab5   Thumb Code   216  bigflt0.o(.text)
    ferror                                   0x08000b91   Thumb Code     8  ferror.o(.text)
    __rt_SIGRTMEM                            0x08000b99   Thumb Code    14  defsig_rtmem_outer.o(.text)
    __user_setup_stackheap                   0x08000ba7   Thumb Code    74  sys_stackheap_outer.o(.text)
    exit                                     0x08000bf1   Thumb Code    12  exit.o(.text)
    __sig_exit                               0x08000bfd   Thumb Code    10  defsig_exit.o(.text)
    __rt_SIGRTMEM_inner                      0x08000c09   Thumb Code    22  defsig_rtmem_inner.o(.text)
    strcmp                                   0x08000c59   Thumb Code   128  strcmpv7m.o(.text)
    __default_signal_display                 0x08000cd9   Thumb Code    50  defsig_general.o(.text)
    _btod_d2e                                0x08000d0b   Thumb Code    62  btod.o(CL$$btod_d2e)
    _d2e_denorm_low                          0x08000d49   Thumb Code    70  btod.o(CL$$btod_d2e_denorm_low)
    _d2e_norm_op1                            0x08000d8f   Thumb Code    96  btod.o(CL$$btod_d2e_norm_op1)
    __btod_div_common                        0x08000def   Thumb Code   696  btod.o(CL$$btod_div_common)
    _e2e                                     0x08001127   Thumb Code   198  btod.o(CL$$btod_e2e)
    _btod_ediv                               0x080011ed   Thumb Code    40  btod.o(CL$$btod_ediv)
    _btod_emul                               0x08001215   Thumb Code    40  btod.o(CL$$btod_emul)
    __btod_mult_common                       0x0800123d   Thumb Code   580  btod.o(CL$$btod_mult_common)
    All_init                                 0x08001481   Thumb Code    62  include.o(i.All_init)
    Balence_PD                               0x080014c5   Thumb Code    66  main.o(i.Balence_PD)
    BusFault_Handler                         0x08001519   Thumb Code     2  stm32f10x_it.o(i.BusFault_Handler)
    Create_SI2C                              0x0800151d   Thumb Code   242  _i2c_.o(i.Create_SI2C)
    DebugMon_Handler                         0x08001639   Thumb Code     2  stm32f10x_it.o(i.DebugMon_Handler)
    Delay_ms                                 0x0800163b   Thumb Code    24  generic.o(i.Delay_ms)
    Delay_us                                 0x08001653   Thumb Code    36  generic.o(i.Delay_us)
    EXTI9_5_IRQHandler                       0x08001677   Thumb Code    32  main.o(i.EXTI9_5_IRQHandler)
    EXTI_ClearITPendingBit                   0x08001699   Thumb Code     6  stm32f10x_exti.o(i.EXTI_ClearITPendingBit)
    EXTI_GetITStatus                         0x080016a5   Thumb Code    28  stm32f10x_exti.o(i.EXTI_GetITStatus)
    EXTI_Init                                0x080016c5   Thumb Code   110  stm32f10x_exti.o(i.EXTI_Init)
    Encoder_Get                              0x08001739   Thumb Code    56  encoder.o(i.Encoder_Get)
    Encoder_Init_TIM3                        0x08001779   Thumb Code   148  encoder.o(i.Encoder_Init_TIM3)
    Encoder_Init_TIM4                        0x08001815   Thumb Code   148  encoder.o(i.Encoder_Init_TIM4)
    GPIO_EXTILineConfig                      0x080018b1   Thumb Code    34  stm32f10x_gpio.o(i.GPIO_EXTILineConfig)
    GPIO_Init                                0x080018d9   Thumb Code   166  stm32f10x_gpio.o(i.GPIO_Init)
    GPIO_PinRemapConfig                      0x08001981   Thumb Code    86  stm32f10x_gpio.o(i.GPIO_PinRemapConfig)
    GPIO_ReadInputDataBit                    0x080019dd   Thumb Code    14  stm32f10x_gpio.o(i.GPIO_ReadInputDataBit)
    GPIO_ResetBits                           0x080019eb   Thumb Code     4  stm32f10x_gpio.o(i.GPIO_ResetBits)
    GPIO_SetBits                             0x080019ef   Thumb Code     4  stm32f10x_gpio.o(i.GPIO_SetBits)
    GPIO_WriteBit                            0x080019f3   Thumb Code    12  stm32f10x_gpio.o(i.GPIO_WriteBit)
    HI2C_WaitEvent                           0x080019ff   Thumb Code    32  _i2c_.o(i.HI2C_WaitEvent)
    HardFault_Handler                        0x08001a1f   Thumb Code     2  stm32f10x_it.o(i.HardFault_Handler)
    I2C_AcknowledgeConfig                    0x08001a21   Thumb Code    24  stm32f10x_i2c.o(i.I2C_AcknowledgeConfig)
    I2C_CheckEvent                           0x08001a39   Thumb Code    24  stm32f10x_i2c.o(i.I2C_CheckEvent)
    I2C_GenerateSTART                        0x08001a51   Thumb Code    24  stm32f10x_i2c.o(i.I2C_GenerateSTART)
    I2C_GenerateSTOP                         0x08001a69   Thumb Code    24  stm32f10x_i2c.o(i.I2C_GenerateSTOP)
    I2C_Read_Reg                             0x08001a81   Thumb Code   276  _i2c_.o(i.I2C_Read_Reg)
    I2C_ReceiveData                          0x08001ba1   Thumb Code     6  stm32f10x_i2c.o(i.I2C_ReceiveData)
    I2C_Send7bitAddress                      0x08001ba7   Thumb Code    18  stm32f10x_i2c.o(i.I2C_Send7bitAddress)
    I2C_SendData                             0x08001bb9   Thumb Code     4  stm32f10x_i2c.o(i.I2C_SendData)
    I2C_Write_Reg                            0x08001bbd   Thumb Code   178  _i2c_.o(i.I2C_Write_Reg)
    IIC_Start                                0x08001c7d   Thumb Code    46  oled.o(i.IIC_Start)
    IIC_Stop                                 0x08001cb1   Thumb Code    36  oled.o(i.IIC_Stop)
    IIC_Wait_Ack                             0x08001cd9   Thumb Code    28  oled.o(i.IIC_Wait_Ack)
    KalmanFilter_Init                        0x08001cf9   Thumb Code    28  kalman_filter.o(i.KalmanFilter_Init)
    KalmanFilter_Update                      0x08001d19   Thumb Code   122  kalman_filter.o(i.KalmanFilter_Update)
    MPU6050_CountSensor_Init                 0x08001d99   Thumb Code   114  mpu6050.o(i.MPU6050_CountSensor_Init)
    MPU6050_Get_Angle                        0x08001e11   Thumb Code   558  mpu6050.o(i.MPU6050_Get_Angle)
    MPU6050_Get_Raw                          0x0800207d   Thumb Code   182  mpu6050.o(i.MPU6050_Get_Raw)
    MPU6050_init                             0x080021e1   Thumb Code    78  mpu6050.o(i.MPU6050_init)
    MemManage_Handler                        0x08002235   Thumb Code     2  stm32f10x_it.o(i.MemManage_Handler)
    MyI2C_R_SDA                              0x08002239   Thumb Code    28  _i2c_.o(i.MyI2C_R_SDA)
    MyI2C_W_SCL                              0x08002259   Thumb Code    26  _i2c_.o(i.MyI2C_W_SCL)
    MyI2C_W_SDA                              0x08002279   Thumb Code    26  _i2c_.o(i.MyI2C_W_SDA)
    NMI_Handler                              0x08002299   Thumb Code     2  stm32f10x_it.o(i.NMI_Handler)
    NVIC_Init                                0x0800229d   Thumb Code    96  misc.o(i.NVIC_Init)
    NVIC_PriorityGroupConfig                 0x08002301   Thumb Code    10  misc.o(i.NVIC_PriorityGroupConfig)
    OLED_Clear                               0x08002315   Thumb Code    58  oled.o(i.OLED_Clear)
    OLED_Init                                0x08002351   Thumb Code   242  oled.o(i.OLED_Init)
    OLED_Set_Pos                             0x0800244d   Thumb Code    40  oled.o(i.OLED_Set_Pos)
    OLED_ShowChar                            0x08002475   Thumb Code   134  oled.o(i.OLED_ShowChar)
    OLED_ShowNum                             0x08002505   Thumb Code   158  oled.o(i.OLED_ShowNum)
    OLED_ShowString                          0x080025a3   Thumb Code    54  oled.o(i.OLED_ShowString)
    OLED_WR_Byte                             0x080025d9   Thumb Code    16  oled.o(i.OLED_WR_Byte)
    PID_SetPWM                               0x080025e9   Thumb Code    64  motor.o(i.PID_SetPWM)
    PID_motor                                0x08002629   Thumb Code   204  main.o(i.PID_motor)
    PWM_init                                 0x08002705   Thumb Code   144  pwm.o(i.PWM_init)
    PendSV_Handler                           0x08002799   Thumb Code     2  stm32f10x_it.o(i.PendSV_Handler)
    RCC_APB1PeriphClockCmd                   0x0800279d   Thumb Code    22  stm32f10x_rcc.o(i.RCC_APB1PeriphClockCmd)
    RCC_APB2PeriphClockCmd                   0x080027b9   Thumb Code    22  stm32f10x_rcc.o(i.RCC_APB2PeriphClockCmd)
    RCC_GetClocksFreq                        0x080027d5   Thumb Code   154  stm32f10x_rcc.o(i.RCC_GetClocksFreq)
    SET_PWMA                                 0x08002881   Thumb Code    10  pwm.o(i.SET_PWMA)
    SET_PWMB                                 0x0800288b   Thumb Code    10  pwm.o(i.SET_PWMB)
    SI2C_ACK_Test                            0x08002895   Thumb Code    32  _i2c_.o(i.SI2C_ACK_Test)
    SI2C_ReceiveAck                          0x080028b9   Thumb Code    30  _i2c_.o(i.SI2C_ReceiveAck)
    SI2C_ReceiveByte                         0x080028d7   Thumb Code    52  _i2c_.o(i.SI2C_ReceiveByte)
    SI2C_Start                               0x0800290b   Thumb Code    30  _i2c_.o(i.SI2C_Start)
    SI2C_Stop                                0x08002929   Thumb Code    24  _i2c_.o(i.SI2C_Stop)
    SI2C_WriteAck                            0x08002941   Thumb Code    22  _i2c_.o(i.SI2C_WriteAck)
    SI2C_WriteByte                           0x08002957   Thumb Code    58  _i2c_.o(i.SI2C_WriteByte)
    SVC_Handler                              0x08002991   Thumb Code     2  stm32f10x_it.o(i.SVC_Handler)
    Serial_Init                              0x08002995   Thumb Code   308  serial.o(i.Serial_Init)
    SysTick_Handler                          0x08002b91   Thumb Code     2  stm32f10x_it.o(i.SysTick_Handler)
    SystemInit                               0x08002b95   Thumb Code    64  system_stm32f10x.o(i.SystemInit)
    TIM_Cmd                                  0x08002dc9   Thumb Code    24  stm32f10x_tim.o(i.TIM_Cmd)
    TIM_EncoderInterfaceConfig               0x08002de1   Thumb Code    50  stm32f10x_tim.o(i.TIM_EncoderInterfaceConfig)
    TIM_GetCounter                           0x08002e13   Thumb Code     4  stm32f10x_tim.o(i.TIM_GetCounter)
    TIM_ICInit                               0x08002e19   Thumb Code   122  stm32f10x_tim.o(i.TIM_ICInit)
    TIM_ICStructInit                         0x08002ea5   Thumb Code    16  stm32f10x_tim.o(i.TIM_ICStructInit)
    TIM_InternalClockConfig                  0x08002eb5   Thumb Code    10  stm32f10x_tim.o(i.TIM_InternalClockConfig)
    TIM_OC3Init                              0x08002ec1   Thumb Code   124  stm32f10x_tim.o(i.TIM_OC3Init)
    TIM_OC4Init                              0x08002f45   Thumb Code    94  stm32f10x_tim.o(i.TIM_OC4Init)
    TIM_OCStructInit                         0x08002fad   Thumb Code    20  stm32f10x_tim.o(i.TIM_OCStructInit)
    TIM_SetCompare3                          0x08002fc1   Thumb Code     4  stm32f10x_tim.o(i.TIM_SetCompare3)
    TIM_SetCompare4                          0x08002fc5   Thumb Code     6  stm32f10x_tim.o(i.TIM_SetCompare4)
    TIM_SetCounter                           0x08002fcb   Thumb Code     4  stm32f10x_tim.o(i.TIM_SetCounter)
    TIM_SetIC1Prescaler                      0x08002fcf   Thumb Code    16  stm32f10x_tim.o(i.TIM_SetIC1Prescaler)
    TIM_SetIC2Prescaler                      0x08002fdf   Thumb Code    24  stm32f10x_tim.o(i.TIM_SetIC2Prescaler)
    TIM_SetIC3Prescaler                      0x08002ff7   Thumb Code    16  stm32f10x_tim.o(i.TIM_SetIC3Prescaler)
    TIM_SetIC4Prescaler                      0x08003007   Thumb Code    24  stm32f10x_tim.o(i.TIM_SetIC4Prescaler)
    TIM_TimeBaseInit                         0x08003021   Thumb Code   114  stm32f10x_tim.o(i.TIM_TimeBaseInit)
    Turn_PD                                  0x080030bd   Thumb Code    74  main.o(i.Turn_PD)
    USART_Cmd                                0x08003111   Thumb Code    24  stm32f10x_usart.o(i.USART_Cmd)
    USART_GetFlagStatus                      0x08003129   Thumb Code    14  stm32f10x_usart.o(i.USART_GetFlagStatus)
    USART_ITConfig                           0x08003137   Thumb Code    54  stm32f10x_usart.o(i.USART_ITConfig)
    USART_Init                               0x0800316d   Thumb Code   182  stm32f10x_usart.o(i.USART_Init)
    USART_SendData                           0x08003229   Thumb Code     8  stm32f10x_usart.o(i.USART_SendData)
    UsageFault_Handler                       0x08003231   Thumb Code     2  stm32f10x_it.o(i.UsageFault_Handler)
    Velocity_PI                              0x08003235   Thumb Code    72  main.o(i.Velocity_PI)
    Write_IIC_Byte                           0x08003285   Thumb Code    84  oled.o(i.Write_IIC_Byte)
    Write_IIC_Command                        0x080032dd   Thumb Code    46  oled.o(i.Write_IIC_Command)
    Write_IIC_Data                           0x0800330b   Thumb Code    46  oled.o(i.Write_IIC_Data)
    __ARM_fpclassify                         0x08003339   Thumb Code    40  fpclassify.o(i.__ARM_fpclassify)
    __kernel_poly                            0x08003361   Thumb Code   170  poly.o(i.__kernel_poly)
    __mathlib_dbl_infnan                     0x0800340b   Thumb Code     6  dunder.o(i.__mathlib_dbl_infnan)
    __mathlib_dbl_infnan2                    0x08003411   Thumb Code     4  dunder.o(i.__mathlib_dbl_infnan2)
    __mathlib_dbl_underflow                  0x08003415   Thumb Code    10  dunder.o(i.__mathlib_dbl_underflow)
    _is_digit                                0x08003425   Thumb Code    14  __printf_wp.o(i._is_digit)
    _sys_exit                                0x08003433   Thumb Code     2  serial.o(i._sys_exit)
    _ttywrch                                 0x08003435   Thumb Code     2  serial.o(i._ttywrch)
    atan                                     0x08003439   Thumb Code   474  atan.o(i.atan)
    atan2                                    0x08003659   Thumb Code   346  atan2.o(i.atan2)
    fputc                                    0x080037d9   Thumb Code    30  serial.o(i.fputc)
    key_Init                                 0x080037fd   Thumb Code    62  key.o(i.key_Init)
    key_proc                                 0x08003845   Thumb Code   146  main.o(i.key_proc)
    key_read                                 0x080038dd   Thumb Code   138  key.o(i.key_read)
    main                                     0x08003971   Thumb Code   398  main.o(i.main)
    motorASetSpeed                           0x08003b85   Thumb Code    42  motor.o(i.motorASetSpeed)
    motorA_Backward                          0x08003bb1   Thumb Code    28  motor.o(i.motorA_Backward)
    motorA_Forward                           0x08003bd1   Thumb Code    28  motor.o(i.motorA_Forward)
    motorBSetSpeed                           0x08003bf1   Thumb Code    42  motor.o(i.motorBSetSpeed)
    motorB_Backward                          0x08003c1d   Thumb Code    28  motor.o(i.motorB_Backward)
    motorB_Forward                           0x08003c3d   Thumb Code    28  motor.o(i.motorB_Forward)
    motor_init                               0x08003c5d   Thumb Code    82  motor.o(i.motor_init)
    motor_pwm_max_min                        0x08003cbd   Thumb Code    26  motor.o(i.motor_pwm_max_min)
    oled_pow                                 0x08003cdd   Thumb Code    16  oled.o(i.oled_pow)
    _get_lc_numeric                          0x08003ced   Thumb Code    44  lc_numeric_c.o(locale$$code)
    __aeabi_d2f                              0x08003d19   Thumb Code     0  d2f.o(x$fpl$d2f)
    _d2f                                     0x08003d19   Thumb Code    98  d2f.o(x$fpl$d2f)
    __aeabi_dadd                             0x08003d7d   Thumb Code     0  daddsub_clz.o(x$fpl$dadd)
    _dadd                                    0x08003d7d   Thumb Code   332  daddsub_clz.o(x$fpl$dadd)
    __fpl_dcheck_NaN1                        0x08003ecd   Thumb Code    10  dcheck1.o(x$fpl$dcheck1)
    __aeabi_ddiv                             0x08003edd   Thumb Code     0  ddiv.o(x$fpl$ddiv)
    _ddiv                                    0x08003edd   Thumb Code   552  ddiv.o(x$fpl$ddiv)
    __aeabi_d2iz                             0x0800418d   Thumb Code     0  dfix.o(x$fpl$dfix)
    _dfix                                    0x0800418d   Thumb Code    94  dfix.o(x$fpl$dfix)
    __aeabi_i2d                              0x080041eb   Thumb Code     0  dflt_clz.o(x$fpl$dflt)
    _dflt                                    0x080041eb   Thumb Code    46  dflt_clz.o(x$fpl$dflt)
    __aeabi_dmul                             0x08004219   Thumb Code     0  dmul.o(x$fpl$dmul)
    _dmul                                    0x08004219   Thumb Code   332  dmul.o(x$fpl$dmul)
    __fpl_dnaninf                            0x0800436d   Thumb Code   156  dnaninf.o(x$fpl$dnaninf)
    __fpl_dretinf                            0x08004409   Thumb Code    12  dretinf.o(x$fpl$dretinf)
    __aeabi_drsub                            0x08004415   Thumb Code     0  daddsub_clz.o(x$fpl$drsb)
    _drsb                                    0x08004415   Thumb Code    22  daddsub_clz.o(x$fpl$drsb)
    __aeabi_dsub                             0x0800442d   Thumb Code     0  daddsub_clz.o(x$fpl$dsub)
    _dsub                                    0x0800442d   Thumb Code   464  daddsub_clz.o(x$fpl$dsub)
    __aeabi_f2d                              0x08004601   Thumb Code     0  f2d.o(x$fpl$f2d)
    _f2d                                     0x08004601   Thumb Code    86  f2d.o(x$fpl$f2d)
    __aeabi_fadd                             0x08004659   Thumb Code     0  faddsub_clz.o(x$fpl$fadd)
    _fadd                                    0x08004659   Thumb Code   196  faddsub_clz.o(x$fpl$fadd)
    __aeabi_f2iz                             0x0800471d   Thumb Code     0  ffix.o(x$fpl$ffix)
    _ffix                                    0x0800471d   Thumb Code    54  ffix.o(x$fpl$ffix)
    __aeabi_i2f                              0x08004755   Thumb Code     0  fflt_clz.o(x$fpl$fflt)
    _fflt                                    0x08004755   Thumb Code    48  fflt_clz.o(x$fpl$fflt)
    __aeabi_fmul                             0x08004785   Thumb Code     0  fmul.o(x$fpl$fmul)
    _fmul                                    0x08004785   Thumb Code   258  fmul.o(x$fpl$fmul)
    __fpl_fnaninf                            0x08004887   Thumb Code   140  fnaninf.o(x$fpl$fnaninf)
    __fpl_fretinf                            0x08004913   Thumb Code    10  fretinf.o(x$fpl$fretinf)
    __aeabi_fsub                             0x0800491d   Thumb Code     0  faddsub_clz.o(x$fpl$fsub)
    _fsub                                    0x0800491d   Thumb Code   234  faddsub_clz.o(x$fpl$fsub)
    _printf_fp_dec                           0x08004a07   Thumb Code     4  printf1.o(x$fpl$printf1)
    __fpl_return_NaN                         0x08004a0b   Thumb Code   100  retnan.o(x$fpl$retnan)
    __ARM_scalbn                             0x08004a6f   Thumb Code    92  scalbn.o(x$fpl$scalbn)
    __fpl_cmpreturn                          0x08004acb   Thumb Code    48  trapv.o(x$fpl$trapveneer)
    F6x8                                     0x08004afa   Data         552  oled.o(.constdata)
    __I$use$fp                               0x08004afa   Number         0  usenofp.o(x$fpl$usenofp)
    F8X16                                    0x08004d22   Data        1520  oled.o(.constdata)
    __mathlib_zero                           0x080053c0   Data           8  qnan.o(.constdata)
    Region$$Table$$Base                      0x0800545c   Number         0  anon$$obj.o(Region$$Table)
    Region$$Table$$Limit                     0x0800547c   Number         0  anon$$obj.o(Region$$Table)
    key_V_updata                             0x20000014   Data           1  main.o(.data)
    key_mode                                 0x20000015   Data           1  main.o(.data)
    Encoder_Left                             0x20000016   Data           2  main.o(.data)
    Encoder_Right                            0x20000018   Data           2  main.o(.data)
    newroll                                  0x2000001c   Data           4  main.o(.data)
    newpitch                                 0x20000020   Data           4  main.o(.data)
    V                                        0x20000024   Data           4  main.o(.data)
    V_base                                   0x20000028   Data           4  main.o(.data)
    TURN                                     0x2000004c   Data           4  main.o(.data)
    key_temp                                 0x20000050   Data           4  main.o(.data)
    Pthis                                    0x20000054   Data           4  _i2c_.o(.data)
    __stdout                                 0x20000060   Data           4  serial.o(.data)
    MM                                       0x20000068   Data          12  main.o(.bss)
    ram_MM                                   0x20000074   Data          14  main.o(.bss)
    KK1                                      0x20000088   Data          32  main.o(.bss)
    KK2                                      0x200000a8   Data          32  main.o(.bss)
    MPU6050_I2C                              0x200000c8   Data          28  mpu6050.o(.bss)
    __libspace_start                         0x200000e4   Data          96  libspace.o(.bss)
    __temporary_stack_top$libspace           0x20000144   Data           0  libspace.o(.bss)



==============================================================================

Memory Map of the image

  Image Entry point : 0x080000ed

  Load Region LR_IROM1 (Base: 0x08000000, Size: 0x000054fc, Max: 0x00010000, ABSOLUTE)

    Execution Region ER_IROM1 (Exec base: 0x08000000, Load base: 0x08000000, Size: 0x00005498, Max: 0x00010000, ABSOLUTE)

    Exec Addr    Load Addr    Size         Type   Attr      Idx    E Section Name        Object

    0x08000000   0x08000000   0x000000ec   Data   RO          132    RESET               startup_stm32f10x_md.o
    0x080000ec   0x080000ec   0x00000008   Code   RO         4728  * !!!main             c_w.l(__main.o)
    0x080000f4   0x080000f4   0x00000034   Code   RO         5145    !!!scatter          c_w.l(__scatter.o)
    0x08000128   0x08000128   0x0000001a   Code   RO         5147    !!handler_copy      c_w.l(__scatter_copy.o)
    0x08000142   0x08000142   0x00000002   PAD
    0x08000144   0x08000144   0x0000001c   Code   RO         5149    !!handler_zi        c_w.l(__scatter_zi.o)
    0x08000160   0x08000160   0x00000000   Code   RO         4719    .ARM.Collect$$_printf_percent$$00000000  c_w.l(_printf_percent.o)
    0x08000160   0x08000160   0x00000006   Code   RO         4718    .ARM.Collect$$_printf_percent$$00000003  c_w.l(_printf_f.o)
    0x08000166   0x08000166   0x00000004   Code   RO         4852    .ARM.Collect$$_printf_percent$$00000017  c_w.l(_printf_percent_end.o)
    0x0800016a   0x0800016a   0x00000002   Code   RO         5081    .ARM.Collect$$libinit$$00000000  c_w.l(libinit.o)
    0x0800016c   0x0800016c   0x00000000   Code   RO         4858    .ARM.Collect$$libinit$$00000002  c_w.l(libinit2.o)
    0x0800016c   0x0800016c   0x00000000   Code   RO         4860    .ARM.Collect$$libinit$$00000004  c_w.l(libinit2.o)
    0x0800016c   0x0800016c   0x00000008   Code   RO         4861    .ARM.Collect$$libinit$$00000005  c_w.l(libinit2.o)
    0x08000174   0x08000174   0x00000000   Code   RO         4863    .ARM.Collect$$libinit$$0000000A  c_w.l(libinit2.o)
    0x08000174   0x08000174   0x00000000   Code   RO         4865    .ARM.Collect$$libinit$$0000000C  c_w.l(libinit2.o)
    0x08000174   0x08000174   0x00000000   Code   RO         4867    .ARM.Collect$$libinit$$0000000E  c_w.l(libinit2.o)
    0x08000174   0x08000174   0x00000006   Code   RO         4868    .ARM.Collect$$libinit$$0000000F  c_w.l(libinit2.o)
    0x0800017a   0x0800017a   0x00000000   Code   RO         4870    .ARM.Collect$$libinit$$00000011  c_w.l(libinit2.o)
    0x0800017a   0x0800017a   0x00000000   Code   RO         4872    .ARM.Collect$$libinit$$00000013  c_w.l(libinit2.o)
    0x0800017a   0x0800017a   0x00000000   Code   RO         4874    .ARM.Collect$$libinit$$00000015  c_w.l(libinit2.o)
    0x0800017a   0x0800017a   0x0000000a   Code   RO         4875    .ARM.Collect$$libinit$$00000016  c_w.l(libinit2.o)
    0x08000184   0x08000184   0x00000000   Code   RO         4876    .ARM.Collect$$libinit$$00000017  c_w.l(libinit2.o)
    0x08000184   0x08000184   0x00000000   Code   RO         4878    .ARM.Collect$$libinit$$00000019  c_w.l(libinit2.o)
    0x08000184   0x08000184   0x00000000   Code   RO         4880    .ARM.Collect$$libinit$$0000001B  c_w.l(libinit2.o)
    0x08000184   0x08000184   0x00000000   Code   RO         4882    .ARM.Collect$$libinit$$0000001D  c_w.l(libinit2.o)
    0x08000184   0x08000184   0x00000000   Code   RO         4884    .ARM.Collect$$libinit$$0000001F  c_w.l(libinit2.o)
    0x08000184   0x08000184   0x00000000   Code   RO         4886    .ARM.Collect$$libinit$$00000021  c_w.l(libinit2.o)
    0x08000184   0x08000184   0x00000000   Code   RO         4888    .ARM.Collect$$libinit$$00000023  c_w.l(libinit2.o)
    0x08000184   0x08000184   0x00000000   Code   RO         4890    .ARM.Collect$$libinit$$00000025  c_w.l(libinit2.o)
    0x08000184   0x08000184   0x00000000   Code   RO         4894    .ARM.Collect$$libinit$$0000002C  c_w.l(libinit2.o)
    0x08000184   0x08000184   0x00000000   Code   RO         4896    .ARM.Collect$$libinit$$0000002E  c_w.l(libinit2.o)
    0x08000184   0x08000184   0x00000000   Code   RO         4898    .ARM.Collect$$libinit$$00000030  c_w.l(libinit2.o)
    0x08000184   0x08000184   0x00000000   Code   RO         4900    .ARM.Collect$$libinit$$00000032  c_w.l(libinit2.o)
    0x08000184   0x08000184   0x00000002   Code   RO         4901    .ARM.Collect$$libinit$$00000033  c_w.l(libinit2.o)
    0x08000186   0x08000186   0x00000002   Code   RO         5142    .ARM.Collect$$libshutdown$$00000000  c_w.l(libshutdown.o)
    0x08000188   0x08000188   0x00000000   Code   RO         5102    .ARM.Collect$$libshutdown$$00000003  c_w.l(libshutdown2.o)
    0x08000188   0x08000188   0x00000000   Code   RO         5105    .ARM.Collect$$libshutdown$$00000006  c_w.l(libshutdown2.o)
    0x08000188   0x08000188   0x00000000   Code   RO         5108    .ARM.Collect$$libshutdown$$00000009  c_w.l(libshutdown2.o)
    0x08000188   0x08000188   0x00000000   Code   RO         5110    .ARM.Collect$$libshutdown$$0000000B  c_w.l(libshutdown2.o)
    0x08000188   0x08000188   0x00000000   Code   RO         5113    .ARM.Collect$$libshutdown$$0000000E  c_w.l(libshutdown2.o)
    0x08000188   0x08000188   0x00000002   Code   RO         5114    .ARM.Collect$$libshutdown$$0000000F  c_w.l(libshutdown2.o)
    0x0800018a   0x0800018a   0x00000000   Code   RO         4810    .ARM.Collect$$rtentry$$00000000  c_w.l(__rtentry.o)
    0x0800018a   0x0800018a   0x00000000   Code   RO         4958    .ARM.Collect$$rtentry$$00000002  c_w.l(__rtentry2.o)
    0x0800018a   0x0800018a   0x00000006   Code   RO         4970    .ARM.Collect$$rtentry$$00000004  c_w.l(__rtentry4.o)
    0x08000190   0x08000190   0x00000000   Code   RO         4960    .ARM.Collect$$rtentry$$00000009  c_w.l(__rtentry2.o)
    0x08000190   0x08000190   0x00000004   Code   RO         4961    .ARM.Collect$$rtentry$$0000000A  c_w.l(__rtentry2.o)
    0x08000194   0x08000194   0x00000000   Code   RO         4963    .ARM.Collect$$rtentry$$0000000C  c_w.l(__rtentry2.o)
    0x08000194   0x08000194   0x00000008   Code   RO         4964    .ARM.Collect$$rtentry$$0000000D  c_w.l(__rtentry2.o)
    0x0800019c   0x0800019c   0x00000002   Code   RO         5086    .ARM.Collect$$rtexit$$00000000  c_w.l(rtexit.o)
    0x0800019e   0x0800019e   0x00000000   Code   RO         5116    .ARM.Collect$$rtexit$$00000002  c_w.l(rtexit2.o)
    0x0800019e   0x0800019e   0x00000004   Code   RO         5117    .ARM.Collect$$rtexit$$00000003  c_w.l(rtexit2.o)
    0x080001a2   0x080001a2   0x00000006   Code   RO         5118    .ARM.Collect$$rtexit$$00000004  c_w.l(rtexit2.o)
    0x080001a8   0x080001a8   0x00000000   Code   RO         4988    .emb_text           c_w.l(maybetermalloc1.o)
    0x080001a8   0x080001a8   0x00000040   Code   RO          133    .text               startup_stm32f10x_md.o
    0x080001e8   0x080001e8   0x00000002   Code   RO         4605    .text               c_w.l(use_no_semi_2.o)
    0x080001ea   0x080001ea   0x0000005e   Code   RO         4609    .text               c_w.l(h1_alloc.o)
    0x08000248   0x08000248   0x00000018   Code   RO         4667    .text               c_w.l(noretval__2printf.o)
    0x08000260   0x08000260   0x00000138   Code   RO         4708    .text               c_w.l(__printf_flags_wp.o)
    0x08000398   0x08000398   0x00000064   Code   RO         4722    .text               c_w.l(rt_memcpy_w.o)
    0x080003fc   0x080003fc   0x00000006   Code   RO         4726    .text               c_w.l(heapauxi.o)
    0x08000402   0x08000402   0x00000002   Code   RO         4806    .text               c_w.l(use_no_semi.o)
    0x08000404   0x08000404   0x00000008   Code   RO         4814    .text               c_w.l(rt_heap_descriptor_intlibspace.o)
    0x0800040c   0x0800040c   0x00000004   Code   RO         4816    .text               c_w.l(hguard.o)
    0x08000410   0x08000410   0x0000008a   Code   RO         4818    .text               c_w.l(init_alloc.o)
    0x0800049a   0x0800049a   0x0000000e   Code   RO         4824    .text               c_w.l(h1_init.o)
    0x080004a8   0x080004a8   0x0000004e   Code   RO         4826    .text               c_w.l(h1_free.o)
    0x080004f6   0x080004f6   0x0000041a   Code   RO         4848    .text               c_w.l(_printf_fp_dec.o)
    0x08000910   0x08000910   0x00000024   Code   RO         4850    .text               c_w.l(_printf_char_file.o)
    0x08000934   0x08000934   0x00000008   Code   RO         4954    .text               c_w.l(libspace.o)
    0x0800093c   0x0800093c   0x00000008   Code   RO         4979    .text               c_w.l(rt_locale_intlibspace.o)
    0x08000944   0x08000944   0x00000034   Code   RO         4990    .text               c_w.l(h1_extend.o)
    0x08000978   0x08000978   0x0000008a   Code   RO         4994    .text               c_w.l(lludiv10.o)
    0x08000a02   0x08000a02   0x00000002   PAD
    0x08000a04   0x08000a04   0x00000030   Code   RO         4996    .text               c_w.l(_printf_char_common.o)
    0x08000a34   0x08000a34   0x00000080   Code   RO         4998    .text               c_w.l(_printf_fp_infnan.o)
    0x08000ab4   0x08000ab4   0x000000dc   Code   RO         5000    .text               c_w.l(bigflt0.o)
    0x08000b90   0x08000b90   0x00000008   Code   RO         5025    .text               c_w.l(ferror.o)
    0x08000b98   0x08000b98   0x0000000e   Code   RO         5032    .text               c_w.l(defsig_rtmem_outer.o)
    0x08000ba6   0x08000ba6   0x0000004a   Code   RO         5054    .text               c_w.l(sys_stackheap_outer.o)
    0x08000bf0   0x08000bf0   0x0000000c   Code   RO         5064    .text               c_w.l(exit.o)
    0x08000bfc   0x08000bfc   0x0000000a   Code   RO         5066    .text               c_w.l(defsig_exit.o)
    0x08000c06   0x08000c06   0x00000002   PAD
    0x08000c08   0x08000c08   0x00000050   Code   RO         5068    .text               c_w.l(defsig_rtmem_inner.o)
    0x08000c58   0x08000c58   0x00000080   Code   RO         5070    .text               c_w.l(strcmpv7m.o)
    0x08000cd8   0x08000cd8   0x00000032   Code   RO         5094    .text               c_w.l(defsig_general.o)
    0x08000d0a   0x08000d0a   0x0000003e   Code   RO         5003    CL$$btod_d2e        c_w.l(btod.o)
    0x08000d48   0x08000d48   0x00000046   Code   RO         5005    CL$$btod_d2e_denorm_low  c_w.l(btod.o)
    0x08000d8e   0x08000d8e   0x00000060   Code   RO         5004    CL$$btod_d2e_norm_op1  c_w.l(btod.o)
    0x08000dee   0x08000dee   0x00000338   Code   RO         5013    CL$$btod_div_common  c_w.l(btod.o)
    0x08001126   0x08001126   0x000000c6   Code   RO         5010    CL$$btod_e2e        c_w.l(btod.o)
    0x080011ec   0x080011ec   0x00000028   Code   RO         5007    CL$$btod_ediv       c_w.l(btod.o)
    0x08001214   0x08001214   0x00000028   Code   RO         5006    CL$$btod_emul       c_w.l(btod.o)
    0x0800123c   0x0800123c   0x00000244   Code   RO         5012    CL$$btod_mult_common  c_w.l(btod.o)
    0x08001480   0x08001480   0x00000044   Code   RO         3440    i.All_init          include.o
    0x080014c4   0x080014c4   0x00000054   Code   RO         3620    i.Balence_PD        main.o
    0x08001518   0x08001518   0x00000002   Code   RO         3676    i.BusFault_Handler  stm32f10x_it.o
    0x0800151a   0x0800151a   0x00000002   PAD
    0x0800151c   0x0800151c   0x0000011c   Code   RO         3740    i.Create_SI2C       _i2c_.o
    0x08001638   0x08001638   0x00000002   Code   RO         3677    i.DebugMon_Handler  stm32f10x_it.o
    0x0800163a   0x0800163a   0x00000018   Code   RO         3848    i.Delay_ms          generic.o
    0x08001652   0x08001652   0x00000024   Code   RO         3850    i.Delay_us          generic.o
    0x08001676   0x08001676   0x00000020   Code   RO         3621    i.EXTI9_5_IRQHandler  main.o
    0x08001696   0x08001696   0x00000002   PAD
    0x08001698   0x08001698   0x0000000c   Code   RO          985    i.EXTI_ClearITPendingBit  stm32f10x_exti.o
    0x080016a4   0x080016a4   0x00000020   Code   RO          989    i.EXTI_GetITStatus  stm32f10x_exti.o
    0x080016c4   0x080016c4   0x00000074   Code   RO          990    i.EXTI_Init         stm32f10x_exti.o
    0x08001738   0x08001738   0x00000040   Code   RO         3416    i.Encoder_Get       encoder.o
    0x08001778   0x08001778   0x0000009c   Code   RO         3417    i.Encoder_Init_TIM3  encoder.o
    0x08001814   0x08001814   0x0000009c   Code   RO         3418    i.Encoder_Init_TIM4  encoder.o
    0x080018b0   0x080018b0   0x00000028   Code   RO         1344    i.GPIO_EXTILineConfig  stm32f10x_gpio.o
    0x080018d8   0x080018d8   0x000000a6   Code   RO         1347    i.GPIO_Init         stm32f10x_gpio.o
    0x0800197e   0x0800197e   0x00000002   PAD
    0x08001980   0x08001980   0x0000005c   Code   RO         1349    i.GPIO_PinRemapConfig  stm32f10x_gpio.o
    0x080019dc   0x080019dc   0x0000000e   Code   RO         1351    i.GPIO_ReadInputDataBit  stm32f10x_gpio.o
    0x080019ea   0x080019ea   0x00000004   Code   RO         1354    i.GPIO_ResetBits    stm32f10x_gpio.o
    0x080019ee   0x080019ee   0x00000004   Code   RO         1355    i.GPIO_SetBits      stm32f10x_gpio.o
    0x080019f2   0x080019f2   0x0000000c   Code   RO         1358    i.GPIO_WriteBit     stm32f10x_gpio.o
    0x080019fe   0x080019fe   0x00000020   Code   RO         3742    i.HI2C_WaitEvent    _i2c_.o
    0x08001a1e   0x08001a1e   0x00000002   Code   RO         3678    i.HardFault_Handler  stm32f10x_it.o
    0x08001a20   0x08001a20   0x00000018   Code   RO         1459    i.I2C_AcknowledgeConfig  stm32f10x_i2c.o
    0x08001a38   0x08001a38   0x00000018   Code   RO         1461    i.I2C_CheckEvent    stm32f10x_i2c.o
    0x08001a50   0x08001a50   0x00000018   Code   RO         1471    i.I2C_GenerateSTART  stm32f10x_i2c.o
    0x08001a68   0x08001a68   0x00000018   Code   RO         1472    i.I2C_GenerateSTOP  stm32f10x_i2c.o
    0x08001a80   0x08001a80   0x00000120   Code   RO         3743    i.I2C_Read_Reg      _i2c_.o
    0x08001ba0   0x08001ba0   0x00000006   Code   RO         1483    i.I2C_ReceiveData   stm32f10x_i2c.o
    0x08001ba6   0x08001ba6   0x00000012   Code   RO         1485    i.I2C_Send7bitAddress  stm32f10x_i2c.o
    0x08001bb8   0x08001bb8   0x00000004   Code   RO         1486    i.I2C_SendData      stm32f10x_i2c.o
    0x08001bbc   0x08001bbc   0x000000c0   Code   RO         3744    i.I2C_Write_Reg     _i2c_.o
    0x08001c7c   0x08001c7c   0x00000034   Code   RO         3454    i.IIC_Start         oled.o
    0x08001cb0   0x08001cb0   0x00000028   Code   RO         3455    i.IIC_Stop          oled.o
    0x08001cd8   0x08001cd8   0x00000020   Code   RO         3456    i.IIC_Wait_Ack      oled.o
    0x08001cf8   0x08001cf8   0x00000020   Code   RO         3895    i.KalmanFilter_Init  kalman_filter.o
    0x08001d18   0x08001d18   0x00000080   Code   RO         3896    i.KalmanFilter_Update  kalman_filter.o
    0x08001d98   0x08001d98   0x00000078   Code   RO         3913    i.MPU6050_CountSensor_Init  mpu6050.o
    0x08001e10   0x08001e10   0x0000026c   Code   RO         3915    i.MPU6050_Get_Angle  mpu6050.o
    0x0800207c   0x0800207c   0x000000c0   Code   RO         3916    i.MPU6050_Get_Raw   mpu6050.o
    0x0800213c   0x0800213c   0x000000a4   Code   RO         3918    i.MPU6050_Register_init  mpu6050.o
    0x080021e0   0x080021e0   0x00000054   Code   RO         3919    i.MPU6050_init      mpu6050.o
    0x08002234   0x08002234   0x00000002   Code   RO         3679    i.MemManage_Handler  stm32f10x_it.o
    0x08002236   0x08002236   0x00000002   PAD
    0x08002238   0x08002238   0x00000020   Code   RO         3745    i.MyI2C_R_SDA       _i2c_.o
    0x08002258   0x08002258   0x00000020   Code   RO         3746    i.MyI2C_W_SCL       _i2c_.o
    0x08002278   0x08002278   0x00000020   Code   RO         3747    i.MyI2C_W_SDA       _i2c_.o
    0x08002298   0x08002298   0x00000002   Code   RO         3680    i.NMI_Handler       stm32f10x_it.o
    0x0800229a   0x0800229a   0x00000002   PAD
    0x0800229c   0x0800229c   0x00000064   Code   RO          137    i.NVIC_Init         misc.o
    0x08002300   0x08002300   0x00000014   Code   RO          138    i.NVIC_PriorityGroupConfig  misc.o
    0x08002314   0x08002314   0x0000003a   Code   RO         3457    i.OLED_Clear        oled.o
    0x0800234e   0x0800234e   0x00000002   PAD
    0x08002350   0x08002350   0x000000fc   Code   RO         3461    i.OLED_Init         oled.o
    0x0800244c   0x0800244c   0x00000028   Code   RO         3463    i.OLED_Set_Pos      oled.o
    0x08002474   0x08002474   0x00000090   Code   RO         3465    i.OLED_ShowChar     oled.o
    0x08002504   0x08002504   0x0000009e   Code   RO         3466    i.OLED_ShowNum      oled.o
    0x080025a2   0x080025a2   0x00000036   Code   RO         3467    i.OLED_ShowString   oled.o
    0x080025d8   0x080025d8   0x00000010   Code   RO         3468    i.OLED_WR_Byte      oled.o
    0x080025e8   0x080025e8   0x00000040   Code   RO         3261    i.PID_SetPWM        motor.o
    0x08002628   0x08002628   0x000000dc   Code   RO         3622    i.PID_motor         main.o
    0x08002704   0x08002704   0x00000094   Code   RO         3380    i.PWM_init          pwm.o
    0x08002798   0x08002798   0x00000002   Code   RO         3681    i.PendSV_Handler    stm32f10x_it.o
    0x0800279a   0x0800279a   0x00000002   PAD
    0x0800279c   0x0800279c   0x0000001c   Code   RO         1775    i.RCC_APB1PeriphClockCmd  stm32f10x_rcc.o
    0x080027b8   0x080027b8   0x0000001c   Code   RO         1777    i.RCC_APB2PeriphClockCmd  stm32f10x_rcc.o
    0x080027d4   0x080027d4   0x000000ac   Code   RO         1785    i.RCC_GetClocksFreq  stm32f10x_rcc.o
    0x08002880   0x08002880   0x0000000a   Code   RO         3381    i.SET_PWMA          pwm.o
    0x0800288a   0x0800288a   0x0000000a   Code   RO         3382    i.SET_PWMB          pwm.o
    0x08002894   0x08002894   0x00000024   Code   RO         3748    i.SI2C_ACK_Test     _i2c_.o
    0x080028b8   0x080028b8   0x0000001e   Code   RO         3749    i.SI2C_ReceiveAck   _i2c_.o
    0x080028d6   0x080028d6   0x00000034   Code   RO         3750    i.SI2C_ReceiveByte  _i2c_.o
    0x0800290a   0x0800290a   0x0000001e   Code   RO         3751    i.SI2C_Start        _i2c_.o
    0x08002928   0x08002928   0x00000018   Code   RO         3752    i.SI2C_Stop         _i2c_.o
    0x08002940   0x08002940   0x00000016   Code   RO         3753    i.SI2C_WriteAck     _i2c_.o
    0x08002956   0x08002956   0x0000003a   Code   RO         3754    i.SI2C_WriteByte    _i2c_.o
    0x08002990   0x08002990   0x00000002   Code   RO         3682    i.SVC_Handler       stm32f10x_it.o
    0x08002992   0x08002992   0x00000002   PAD
    0x08002994   0x08002994   0x00000148   Code   RO         3975    i.Serial_Init       serial.o
    0x08002adc   0x08002adc   0x00000004   Code   RO           17    i.SetSysClock       system_stm32f10x.o
    0x08002ae0   0x08002ae0   0x000000b0   Code   RO           18    i.SetSysClockTo72   system_stm32f10x.o
    0x08002b90   0x08002b90   0x00000002   Code   RO         3683    i.SysTick_Handler   stm32f10x_it.o
    0x08002b92   0x08002b92   0x00000002   PAD
    0x08002b94   0x08002b94   0x00000050   Code   RO           20    i.SystemInit        system_stm32f10x.o
    0x08002be4   0x08002be4   0x00000074   Code   RO         2405    i.TI1_Config        stm32f10x_tim.o
    0x08002c58   0x08002c58   0x0000007c   Code   RO         2406    i.TI2_Config        stm32f10x_tim.o
    0x08002cd4   0x08002cd4   0x00000078   Code   RO         2407    i.TI3_Config        stm32f10x_tim.o
    0x08002d4c   0x08002d4c   0x0000007c   Code   RO         2408    i.TI4_Config        stm32f10x_tim.o
    0x08002dc8   0x08002dc8   0x00000018   Code   RO         2421    i.TIM_Cmd           stm32f10x_tim.o
    0x08002de0   0x08002de0   0x00000032   Code   RO         2430    i.TIM_EncoderInterfaceConfig  stm32f10x_tim.o
    0x08002e12   0x08002e12   0x00000004   Code   RO         2440    i.TIM_GetCounter    stm32f10x_tim.o
    0x08002e16   0x08002e16   0x00000002   PAD
    0x08002e18   0x08002e18   0x0000008c   Code   RO         2444    i.TIM_ICInit        stm32f10x_tim.o
    0x08002ea4   0x08002ea4   0x00000010   Code   RO         2445    i.TIM_ICStructInit  stm32f10x_tim.o
    0x08002eb4   0x08002eb4   0x0000000a   Code   RO         2448    i.TIM_InternalClockConfig  stm32f10x_tim.o
    0x08002ebe   0x08002ebe   0x00000002   PAD
    0x08002ec0   0x08002ec0   0x00000084   Code   RO         2460    i.TIM_OC3Init       stm32f10x_tim.o
    0x08002f44   0x08002f44   0x00000068   Code   RO         2465    i.TIM_OC4Init       stm32f10x_tim.o
    0x08002fac   0x08002fac   0x00000014   Code   RO         2468    i.TIM_OCStructInit  stm32f10x_tim.o
    0x08002fc0   0x08002fc0   0x00000004   Code   RO         2484    i.TIM_SetCompare3   stm32f10x_tim.o
    0x08002fc4   0x08002fc4   0x00000006   Code   RO         2485    i.TIM_SetCompare4   stm32f10x_tim.o
    0x08002fca   0x08002fca   0x00000004   Code   RO         2486    i.TIM_SetCounter    stm32f10x_tim.o
    0x08002fce   0x08002fce   0x00000010   Code   RO         2487    i.TIM_SetIC1Prescaler  stm32f10x_tim.o
    0x08002fde   0x08002fde   0x00000018   Code   RO         2488    i.TIM_SetIC2Prescaler  stm32f10x_tim.o
    0x08002ff6   0x08002ff6   0x00000010   Code   RO         2489    i.TIM_SetIC3Prescaler  stm32f10x_tim.o
    0x08003006   0x08003006   0x00000018   Code   RO         2490    i.TIM_SetIC4Prescaler  stm32f10x_tim.o
    0x0800301e   0x0800301e   0x00000002   PAD
    0x08003020   0x08003020   0x0000009c   Code   RO         2492    i.TIM_TimeBaseInit  stm32f10x_tim.o
    0x080030bc   0x080030bc   0x00000054   Code   RO         3623    i.Turn_PD           main.o
    0x08003110   0x08003110   0x00000018   Code   RO         2960    i.USART_Cmd         stm32f10x_usart.o
    0x08003128   0x08003128   0x0000000e   Code   RO         2963    i.USART_GetFlagStatus  stm32f10x_usart.o
    0x08003136   0x08003136   0x00000036   Code   RO         2966    i.USART_ITConfig    stm32f10x_usart.o
    0x0800316c   0x0800316c   0x000000bc   Code   RO         2967    i.USART_Init        stm32f10x_usart.o
    0x08003228   0x08003228   0x00000008   Code   RO         2977    i.USART_SendData    stm32f10x_usart.o
    0x08003230   0x08003230   0x00000002   Code   RO         3684    i.UsageFault_Handler  stm32f10x_it.o
    0x08003232   0x08003232   0x00000002   PAD
    0x08003234   0x08003234   0x00000050   Code   RO         3624    i.Velocity_PI       main.o
    0x08003284   0x08003284   0x00000058   Code   RO         3469    i.Write_IIC_Byte    oled.o
    0x080032dc   0x080032dc   0x0000002e   Code   RO         3470    i.Write_IIC_Command  oled.o
    0x0800330a   0x0800330a   0x0000002e   Code   RO         3471    i.Write_IIC_Data    oled.o
    0x08003338   0x08003338   0x00000028   Code   RO         4939    i.__ARM_fpclassify  m_ws.l(fpclassify.o)
    0x08003360   0x08003360   0x000000aa   Code   RO         4941    i.__kernel_poly     m_ws.l(poly.o)
    0x0800340a   0x0800340a   0x00000006   Code   RO         4926    i.__mathlib_dbl_infnan  m_ws.l(dunder.o)
    0x08003410   0x08003410   0x00000004   Code   RO         4927    i.__mathlib_dbl_infnan2  m_ws.l(dunder.o)
    0x08003414   0x08003414   0x00000010   Code   RO         4931    i.__mathlib_dbl_underflow  m_ws.l(dunder.o)
    0x08003424   0x08003424   0x0000000e   Code   RO         4706    i._is_digit         c_w.l(__printf_wp.o)
    0x08003432   0x08003432   0x00000002   Code   RO         3976    i._sys_exit         serial.o
    0x08003434   0x08003434   0x00000002   Code   RO         3977    i._ttywrch          serial.o
    0x08003436   0x08003436   0x00000002   PAD
    0x08003438   0x08003438   0x00000220   Code   RO         4916    i.atan              m_ws.l(atan.o)
    0x08003658   0x08003658   0x00000180   Code   RO         4799    i.atan2             m_ws.l(atan2.o)
    0x080037d8   0x080037d8   0x00000024   Code   RO         3978    i.fputc             serial.o
    0x080037fc   0x080037fc   0x00000048   Code   RO         3216    i.key_Init          key.o
    0x08003844   0x08003844   0x00000098   Code   RO         3625    i.key_proc          main.o
    0x080038dc   0x080038dc   0x00000094   Code   RO         3217    i.key_read          key.o
    0x08003970   0x08003970   0x00000214   Code   RO         3626    i.main              main.o
    0x08003b84   0x08003b84   0x0000002a   Code   RO         3262    i.motorASetSpeed    motor.o
    0x08003bae   0x08003bae   0x00000002   PAD
    0x08003bb0   0x08003bb0   0x00000020   Code   RO         3263    i.motorA_Backward   motor.o
    0x08003bd0   0x08003bd0   0x00000020   Code   RO         3264    i.motorA_Forward    motor.o
    0x08003bf0   0x08003bf0   0x0000002a   Code   RO         3265    i.motorBSetSpeed    motor.o
    0x08003c1a   0x08003c1a   0x00000002   PAD
    0x08003c1c   0x08003c1c   0x00000020   Code   RO         3266    i.motorB_Backward   motor.o
    0x08003c3c   0x08003c3c   0x00000020   Code   RO         3267    i.motorB_Forward    motor.o
    0x08003c5c   0x08003c5c   0x00000060   Code   RO         3268    i.motor_init        motor.o
    0x08003cbc   0x08003cbc   0x00000020   Code   RO         3269    i.motor_pwm_max_min  motor.o
    0x08003cdc   0x08003cdc   0x00000010   Code   RO         3473    i.oled_pow          oled.o
    0x08003cec   0x08003cec   0x0000002c   Code   RO         5030    locale$$code        c_w.l(lc_numeric_c.o)
    0x08003d18   0x08003d18   0x00000062   Code   RO         4730    x$fpl$d2f           fz_ws.l(d2f.o)
    0x08003d7a   0x08003d7a   0x00000002   PAD
    0x08003d7c   0x08003d7c   0x00000150   Code   RO         4732    x$fpl$dadd          fz_ws.l(daddsub_clz.o)
    0x08003ecc   0x08003ecc   0x00000010   Code   RO         4902    x$fpl$dcheck1       fz_ws.l(dcheck1.o)
    0x08003edc   0x08003edc   0x000002b0   Code   RO         4739    x$fpl$ddiv          fz_ws.l(ddiv.o)
    0x0800418c   0x0800418c   0x0000005e   Code   RO         4742    x$fpl$dfix          fz_ws.l(dfix.o)
    0x080041ea   0x080041ea   0x0000002e   Code   RO         4747    x$fpl$dflt          fz_ws.l(dflt_clz.o)
    0x08004218   0x08004218   0x00000154   Code   RO         4752    x$fpl$dmul          fz_ws.l(dmul.o)
    0x0800436c   0x0800436c   0x0000009c   Code   RO         4904    x$fpl$dnaninf       fz_ws.l(dnaninf.o)
    0x08004408   0x08004408   0x0000000c   Code   RO         4906    x$fpl$dretinf       fz_ws.l(dretinf.o)
    0x08004414   0x08004414   0x00000016   Code   RO         4733    x$fpl$drsb          fz_ws.l(daddsub_clz.o)
    0x0800442a   0x0800442a   0x00000002   PAD
    0x0800442c   0x0800442c   0x000001d4   Code   RO         4734    x$fpl$dsub          fz_ws.l(daddsub_clz.o)
    0x08004600   0x08004600   0x00000056   Code   RO         4754    x$fpl$f2d           fz_ws.l(f2d.o)
    0x08004656   0x08004656   0x00000002   PAD
    0x08004658   0x08004658   0x000000c4   Code   RO         4756    x$fpl$fadd          fz_ws.l(faddsub_clz.o)
    0x0800471c   0x0800471c   0x00000036   Code   RO         4766    x$fpl$ffix          fz_ws.l(ffix.o)
    0x08004752   0x08004752   0x00000002   PAD
    0x08004754   0x08004754   0x00000030   Code   RO         4775    x$fpl$fflt          fz_ws.l(fflt_clz.o)
    0x08004784   0x08004784   0x00000102   Code   RO         4780    x$fpl$fmul          fz_ws.l(fmul.o)
    0x08004886   0x08004886   0x0000008c   Code   RO         4910    x$fpl$fnaninf       fz_ws.l(fnaninf.o)
    0x08004912   0x08004912   0x0000000a   Code   RO         4912    x$fpl$fretinf       fz_ws.l(fretinf.o)
    0x0800491c   0x0800491c   0x000000ea   Code   RO         4758    x$fpl$fsub          fz_ws.l(faddsub_clz.o)
    0x08004a06   0x08004a06   0x00000004   Code   RO         4782    x$fpl$printf1       fz_ws.l(printf1.o)
    0x08004a0a   0x08004a0a   0x00000064   Code   RO         5051    x$fpl$retnan        fz_ws.l(retnan.o)
    0x08004a6e   0x08004a6e   0x0000005c   Code   RO         4784    x$fpl$scalbn        fz_ws.l(scalbn.o)
    0x08004aca   0x08004aca   0x00000030   Code   RO         5084    x$fpl$trapveneer    fz_ws.l(trapv.o)
    0x08004afa   0x08004afa   0x00000000   Code   RO         4914    x$fpl$usenofp       fz_ws.l(usenofp.o)
    0x08004afa   0x08004afa   0x00000818   Data   RO         3474    .constdata          oled.o
    0x08005312   0x08005312   0x00000011   Data   RO         4709    .constdata          c_w.l(__printf_flags_wp.o)
    0x08005323   0x08005323   0x00000005   PAD
    0x08005328   0x08005328   0x00000098   Data   RO         4917    .constdata          m_ws.l(atan.o)
    0x080053c0   0x080053c0   0x00000008   Data   RO         4943    .constdata          m_ws.l(qnan.o)
    0x080053c8   0x080053c8   0x00000094   Data   RO         5001    .constdata          c_w.l(bigflt0.o)
    0x0800545c   0x0800545c   0x00000020   Data   RO         5143    Region$$Table       anon$$obj.o
    0x0800547c   0x0800547c   0x0000001c   Data   RO         5029    locale$$data        c_w.l(lc_numeric_c.o)


    Execution Region RW_IRAM1 (Exec base: 0x20000000, Load base: 0x08005498, Size: 0x00000748, Max: 0x00005000, ABSOLUTE)

    Exec Addr    Load Addr    Size         Type   Attr      Idx    E Section Name        Object

    0x20000000   0x08005498   0x00000014   Data   RW         1805    .data               stm32f10x_rcc.o
    0x20000014   0x080054ac   0x00000040   Data   RW         3628    .data               main.o
    0x20000054   0x080054ec   0x00000004   Data   RW         3755    .data               _i2c_.o
    0x20000058   0x080054f0   0x00000008   Data   RW         3921    .data               mpu6050.o
    0x20000060   0x080054f8   0x00000004   Data   RW         3980    .data               serial.o
    0x20000064   0x080054fc   0x00000004   PAD
    0x20000068        -       0x00000060   Zero   RW         3627    .bss                main.o
    0x200000c8        -       0x0000001c   Zero   RW         3920    .bss                mpu6050.o
    0x200000e4        -       0x00000060   Zero   RW         4955    .bss                c_w.l(libspace.o)
    0x20000144   0x080054fc   0x00000004   PAD
    0x20000148        -       0x00000200   Zero   RW          131    HEAP                startup_stm32f10x_md.o
    0x20000348        -       0x00000400   Zero   RW          130    STACK               startup_stm32f10x_md.o


==============================================================================

Image component sizes


      Code (inc. data)   RO Data    RW Data    ZI Data      Debug   Object Name

      1144         88          0          4          0       9155   _i2c_.o
         0          0          0          0          0       4528   core_cm3.o
       376         24          0          0          0       2014   encoder.o
        60          0          0          0          0        954   generic.o
        68          6          0          0          0        451   include.o
       160         10          0          0          0       1730   kalman_filter.o
       220         20          0          0          0        982   key.o
      1184        200          0         64         96       4759   main.o
       120         14          0          0          0     206947   misc.o
       404         36          0          0          0       6764   motor.o
      1180         94          0          8         28       6590   mpu6050.o
      1042         38       2072          0          0       8940   oled.o
       168          4          0          0          0       1405   pwm.o
       368         26          0          4          0       4123   serial.o
        64         26        236          0       1536        764   startup_stm32f10x_md.o
         0          0          0          0          0       1636   stm32f10x_adc.o
       160         16          0          0          0       4256   stm32f10x_exti.o
       332         12          0          0          0      13772   stm32f10x_gpio.o
       124          0          0          0          0      13287   stm32f10x_i2c.o
        18          0          0          0          0       3534   stm32f10x_it.o
       228         30          0         20          0      13154   stm32f10x_rcc.o
      1234        166          0          0          0      33649   stm32f10x_tim.o
       288          6          0          0          0      10789   stm32f10x_usart.o
       260         26          0          0          0      45149   system_stm32f10x.o

    ----------------------------------------------------------------------
      9234        842       2340        100       1664     399332   Object Totals
         0          0         32          0          0          0   (incl. Generated)
        32          0          0          0          4          0   (incl. Padding)

    ----------------------------------------------------------------------

      Code (inc. data)   RO Data    RW Data    ZI Data      Debug   Library Member Name

         8          0          0          0          0         68   __main.o
       312          4         17          0          0         92   __printf_flags_wp.o
        14          0          0          0          0         68   __printf_wp.o
         0          0          0          0          0          0   __rtentry.o
        12          0          0          0          0          0   __rtentry2.o
         6          0          0          0          0          0   __rtentry4.o
        52          8          0          0          0          0   __scatter.o
        26          0          0          0          0          0   __scatter_copy.o
        28          0          0          0          0          0   __scatter_zi.o
        48          6          0          0          0         96   _printf_char_common.o
        36          4          0          0          0         80   _printf_char_file.o
         6          0          0          0          0          0   _printf_f.o
      1050          0          0          0          0        216   _printf_fp_dec.o
       128         16          0          0          0         84   _printf_fp_infnan.o
         0          0          0          0          0          0   _printf_percent.o
         4          0          0          0          0          0   _printf_percent_end.o
       220          4        148          0          0         96   bigflt0.o
      1910        128          0          0          0        672   btod.o
        10          0          0          0          0         68   defsig_exit.o
        50          0          0          0          0         88   defsig_general.o
        80         58          0          0          0         76   defsig_rtmem_inner.o
        14          0          0          0          0         80   defsig_rtmem_outer.o
        12          0          0          0          0         72   exit.o
         8          0          0          0          0         68   ferror.o
        94          0          0          0          0         80   h1_alloc.o
        52          0          0          0          0         68   h1_extend.o
        78          0          0          0          0         80   h1_free.o
        14          0          0          0          0         84   h1_init.o
         6          0          0          0          0        152   heapauxi.o
         4          0          0          0          0        136   hguard.o
       138          0          0          0          0        168   init_alloc.o
        44         10         28          0          0         76   lc_numeric_c.o
         2          0          0          0          0          0   libinit.o
        26          0          0          0          0          0   libinit2.o
         2          0          0          0          0          0   libshutdown.o
         2          0          0          0          0          0   libshutdown2.o
         8          4          0          0         96         68   libspace.o
       138          0          0          0          0         80   lludiv10.o
         0          0          0          0          0          0   maybetermalloc1.o
        24          4          0          0          0         84   noretval__2printf.o
         8          4          0          0          0         68   rt_heap_descriptor_intlibspace.o
         8          4          0          0          0         68   rt_locale_intlibspace.o
       100          0          0          0          0         80   rt_memcpy_w.o
         2          0          0          0          0          0   rtexit.o
        10          0          0          0          0          0   rtexit2.o
       128          0          0          0          0         68   strcmpv7m.o
        74          0          0          0          0         80   sys_stackheap_outer.o
         2          0          0          0          0         68   use_no_semi.o
         2          0          0          0          0         68   use_no_semi_2.o
        98          4          0          0          0         92   d2f.o
       826         16          0          0          0        348   daddsub_clz.o
        16          4          0          0          0         68   dcheck1.o
       688        140          0          0          0        208   ddiv.o
        94          4          0          0          0         92   dfix.o
        46          0          0          0          0         68   dflt_clz.o
       340         12          0          0          0        104   dmul.o
       156          4          0          0          0         92   dnaninf.o
        12          0          0          0          0         68   dretinf.o
        86          4          0          0          0         84   f2d.o
       430          8          0          0          0        168   faddsub_clz.o
        54          4          0          0          0         84   ffix.o
        48          0          0          0          0         68   fflt_clz.o
       258          4          0          0          0         84   fmul.o
       140          4          0          0          0         84   fnaninf.o
        10          0          0          0          0         68   fretinf.o
         4          0          0          0          0         68   printf1.o
       100          0          0          0          0         68   retnan.o
        92          0          0          0          0         68   scalbn.o
        48          0          0          0          0         68   trapv.o
         0          0          0          0          0          0   usenofp.o
       544         70        152          0          0        124   atan.o
       384         38          0          0          0        144   atan2.o
        26          6          0          0          0        204   dunder.o
        40          0          0          0          0         68   fpclassify.o
       170          0          0          0          0         96   poly.o
         0          0          8          0          0          0   qnan.o

    ----------------------------------------------------------------------
      9724        576        358          0        100       6188   Library Totals
        14          0          5          0          4          0   (incl. Padding)

    ----------------------------------------------------------------------

      Code (inc. data)   RO Data    RW Data    ZI Data      Debug   Library Name

      5000        254        193          0         96       3500   c_w.l
      3546        208          0          0          0       2052   fz_ws.l
      1164        114        160          0          0        636   m_ws.l

    ----------------------------------------------------------------------
      9724        576        358          0        100       6188   Library Totals

    ----------------------------------------------------------------------

==============================================================================


      Code (inc. data)   RO Data    RW Data    ZI Data      Debug   

     18958       1418       2698        100       1764     395688   Grand Totals
     18958       1418       2698        100       1764     395688   ELF Image Totals
     18958       1418       2698        100          0          0   ROM Totals

==============================================================================

    Total RO  Size (Code + RO Data)                21656 (  21.15kB)
    Total RW  Size (RW Data + ZI Data)              1864 (   1.82kB)
    Total ROM Size (Code + RO Data + RW Data)      21756 (  21.25kB)

==============================================================================

